Component: ARM Compiler 5.06 update 6 (build 750) Tool: armlink [4d35ed]

==============================================================================

Section Cross References

    main.o(.text) refers to stm32f4xx_rcc.o(.text) for RCC_AHB1PeriphClockCmd
    main.o(.text) refers to stm32f4xx_gpio.o(.text) for GPIO_Init
    main.o(.text) refers to stm32f4xx_usart.o(.text) for USART_StructInit
    main.o(.text) refers to stm32f4_discovery.o(.text) for STM_EVAL_COMInit
    main.o(.text) refers to printf8.o(i.__0printf$8) for __2printf
    main.o(.text) refers to app.o(.text) for APP_Initialize
    main.o(.text) refers to stm32f4x7_eth_bsp.o(.text) for ETH_BSP_Config
    main.o(.text) refers to lab612_tim.o(.text) for Timer_Config
    main.o(.text) refers to netconf.o(.text) for MAC_Init
    main.o(.text) refers to ptpd.o(.text) for ptpd_init
    main.o(.text) refers to lab612_adc.o(.text) for ADC_Config
    main.o(.text) refers to lab612_tim_it.o(.data) for ADPLL_Lock
    stm32f4x7_eth_bsp.o(.text) refers to stm32f4xx_rcc.o(.text) for RCC_AHB1PeriphClockCmd
    stm32f4x7_eth_bsp.o(.text) refers to stm32f4x7_eth.o(.text) for ETH_DeInit
    stm32f4x7_eth_bsp.o(.text) refers to misc.o(.text) for NVIC_PriorityGroupConfig
    stm32f4x7_eth_bsp.o(.text) refers to stm32f4xx_syscfg.o(.text) for SYSCFG_ETH_MediaInterfaceConfig
    stm32f4x7_eth_bsp.o(.text) refers to stm32f4xx_gpio.o(.text) for GPIO_Init
    stm32f4x7_eth_bsp.o(.text) refers to stm32f4x7_eth_bsp.o(.data) for EthInitStatus
    stm32f4xx_it.o(.text) refers to lab612_tim_it.o(.text) for TIM2_IT_PA3_ADPLL
    stm32f4xx_it.o(.text) refers to stm32f4x7_eth.o(.text) for ETH_GetDMAFlagStatus
    stm32f4xx_it.o(.text) refers to sys_arch.o(.text) for sys_sem_signal
    stm32f4xx_it.o(.text) refers to ethernetif.o(.bss) for s_xRxSemaphore
    system_stm32f4xx.o(.text) refers to system_stm32f4xx.o(.data) for SystemCoreClock
    lab612_tim.o(.text) refers to stm32f4xx_rcc.o(.text) for RCC_APB1PeriphClockCmd
    lab612_tim.o(.text) refers to stm32f4xx_tim.o(.text) for TIM_TimeBaseInit
    lab612_tim.o(.text) refers to misc.o(.text) for NVIC_PriorityGroupConfig
    lab612_tim.o(.text) refers to lab612_tim.o(.data) for Tim2Period
    lab612_tim_it.o(.text) refers to stm32f4xx_tim.o(.text) for TIM_GetITStatus
    lab612_tim_it.o(.text) refers to stm32f4xx_gpio.o(.text) for GPIO_SetBits
    lab612_tim_it.o(.text) refers to stm32f4xx_dma.o(.text) for DMA_GetITStatus
    lab612_tim_it.o(.text) refers to app.o(.text) for APP_TransmitSwitchState
    lab612_tim_it.o(.text) refers to lab612_tim_it.o(.data) for ADPLL_Lock
    lab612_tim_it.o(.text) refers to main.o(.data) for OffsetSecond
    lab612_tim_it.o(.text) refers to lab612_tim.o(.data) for Tim2Period
    lab612_tim_it.o(.text) refers to lab612_adc.o(.data) for ADCDualConvertedValue
    lab612_adc.o(.text) refers to stm32f4xx_adc.o(.text) for ADC_Init
    lab612_adc.o(.text) refers to stm32f4xx_gpio.o(.text) for GPIO_Init
    lab612_adc.o(.text) refers to stm32f4xx_dma.o(.text) for DMA_Init
    lab612_adc.o(.text) refers to stm32f4xx_rcc.o(.text) for RCC_AHB1PeriphClockCmd
    lab612_adc.o(.text) refers to lab612_adc.o(.data) for ADCDualConvertedValue
    rtx_conf_cm.o(.ARM.Collect$$$$000000FF) refers to rt_cmsis.o(.text) for osKernelInitialize
    rtx_conf_cm.o(.ARM.Collect$$$$000000FF) refers to rtx_conf_cm.o(.data) for .data
    rtx_conf_cm.o(.constdata) refers to rt_cmsis.o(.text) for osTimerThread
    rtx_conf_cm.o(.constdata) refers to rtx_conf_cm.o(.bss) for os_messageQ_q_osTimerMessageQ
    rtx_conf_cm.o(.data) refers to main.o(.text) for main
    rt_cmsis.o(.text) refers to rt_task.o(.text) for rt_tsk_self
    rt_cmsis.o(.text) refers to rt_memory.o(.text) for rt_free_mem
    rt_cmsis.o(.text) refers to rt_mailbox.o(.text) for rt_mbx_init
    rt_cmsis.o(.text) refers to rt_system.o(.text) for os_tick_val
    rt_cmsis.o(.text) refers to rtx_conf_cm.o(.constdata) for os_clockrate
    rt_cmsis.o(.text) refers to rtx_conf_cm.o(.bss) for os_active_TCB
    rt_cmsis.o(.text) refers to rt_cmsis.o(.data) for os_initialized
    rt_cmsis.o(.text) refers to rt_task.o(.data) for os_tsk
    rt_cmsis.o(.text) refers to rtx_conf_cm.o(.data) for osMessageQId_osTimerMessageQ
    rt_cmsis.o(.text) refers to rt_time.o(.data) for os_time
    rt_cmsis.o(.text) refers to rt_time.o(.text) for rt_dly_wait
    rt_cmsis.o(.text) refers to rt_event.o(.text) for rt_evt_set
    rt_cmsis.o(.text) refers to rt_mutex.o(.text) for rt_mut_init
    rt_cmsis.o(.text) refers to rt_semaphore.o(.text) for rt_sem_init
    rt_cmsis.o(.text) refers to rt_membox.o(.text) for _init_box
    rt_cmsis.o(.text) refers to rt_list.o(.text) for rt_put_prio
    rt_cmsis.o(.text) refers to hal_cm.o(.text) for rt_ret_val
    rt_event.o(.text) refers to rt_task.o(.text) for rt_block
    rt_event.o(.text) refers to rt_list.o(.text) for rt_rmv_dly
    rt_event.o(.text) refers to hal_cm.o(.text) for rt_ret_val2
[...]
    TIM_SetCounter                           0x0800558d   Thumb Code     4  stm32f4xx_tim.o(.text)
    TIM_SetAutoreload                        0x08005591   Thumb Code     4  stm32f4xx_tim.o(.text)
    TIM_GetCounter                           0x08005595   Thumb Code     6  stm32f4xx_tim.o(.text)
    TIM_GetPrescaler                         0x0800559b   Thumb Code     6  stm32f4xx_tim.o(.text)
    TIM_UpdateDisableConfig                  0x080055a1   Thumb Code    24  stm32f4xx_tim.o(.text)
    TIM_UpdateRequestConfig                  0x080055b9   Thumb Code    24  stm32f4xx_tim.o(.text)
    TIM_ARRPreloadConfig                     0x080055d1   Thumb Code    24  stm32f4xx_tim.o(.text)
    TIM_SelectOnePulseMode                   0x080055e9   Thumb Code    18  stm32f4xx_tim.o(.text)
    TIM_SetClockDivision                     0x080055fb   Thumb Code    18  stm32f4xx_tim.o(.text)
    TIM_Cmd                                  0x0800560d   Thumb Code    24  stm32f4xx_tim.o(.text)
    TIM_OC1Init                              0x08005625   Thumb Code   114  stm32f4xx_tim.o(.text)
    TIM_OC2Init                              0x08005697   Thumb Code   154  stm32f4xx_tim.o(.text)
    TIM_OC3Init                              0x08005731   Thumb Code   204  stm32f4xx_tim.o(.text)
    TIM_OC4Init                              0x080057fd   Thumb Code   112  stm32f4xx_tim.o(.text)
    TIM_OCStructInit                         0x0800586d   Thumb Code    20  stm32f4xx_tim.o(.text)
    TIM_SelectOCxM                           0x08005881   Thumb Code    86  stm32f4xx_tim.o(.text)
    TIM_SetCompare1                          0x080058d7   Thumb Code     4  stm32f4xx_tim.o(.text)
    TIM_SetCompare2                          0x080058db   Thumb Code     4  stm32f4xx_tim.o(.text)
    TIM_SetCompare3                          0x080058df   Thumb Code     4  stm32f4xx_tim.o(.text)
    TIM_SetCompare4                          0x080058e3   Thumb Code     4  stm32f4xx_tim.o(.text)
    TIM_ForcedOC1Config                      0x080058e7   Thumb Code    18  stm32f4xx_tim.o(.text)
    TIM_ForcedOC2Config                      0x080058f9   Thumb Code    26  stm32f4xx_tim.o(.text)
    TIM_ForcedOC3Config                      0x08005913   Thumb Code    18  stm32f4xx_tim.o(.text)
    TIM_ForcedOC4Config                      0x08005925   Thumb Code    26  stm32f4xx_tim.o(.text)
    TIM_OC1PreloadConfig                     0x0800593f   Thumb Code    18  stm32f4xx_tim.o(.text)
    TIM_OC2PreloadConfig                     0x08005951   Thumb Code    26  stm32f4xx_tim.o(.text)
    TIM_OC3PreloadConfig                     0x0800596b   Thumb Code    18  stm32f4xx_tim.o(.text)
    TIM_OC4PreloadConfig                     0x0800597d   Thumb Code    26  stm32f4xx_tim.o(.text)
    TIM_OC1FastConfig                        0x08005997   Thumb Code    18  stm32f4xx_tim.o(.text)
    TIM_OC2FastConfig                        0x080059a9   Thumb Code    26  stm32f4xx_tim.o(.text)
    TIM_OC3FastConfig                        0x080059c3   Thumb Code    18  stm32f4xx_tim.o(.text)
    TIM_OC4FastConfig                        0x080059d5   Thumb Code    26  stm32f4xx_tim.o(.text)
    TIM_ClearOC1Ref                          0x080059ef   Thumb Code    18  stm32f4xx_tim.o(.text)
    TIM_ClearOC2Ref                          0x08005a01   Thumb Code    24  stm32f4xx_tim.o(.text)
    TIM_ClearOC3Ref                          0x08005a19   Thumb Code    18  stm32f4xx_tim.o(.text)
    TIM_ClearOC4Ref                          0x08005a2b   Thumb Code    24  stm32f4xx_tim.o(.text)
    TIM_OC1PolarityConfig                    0x08005a43   Thumb Code    18  stm32f4xx_tim.o(.text)
    TIM_OC1NPolarityConfig                   0x08005a55   Thumb Code    18  stm32f4xx_tim.o(.text)
    TIM_OC2PolarityConfig                    0x08005a67   Thumb Code    26  stm32f4xx_tim.o(.text)
    TIM_OC2NPolarityConfig                   0x08005a81   Thumb Code    26  stm32f4xx_tim.o(.text)
    TIM_OC3PolarityConfig                    0x08005a9b   Thumb Code    26  stm32f4xx_tim.o(.text)
    TIM_OC3NPolarityConfig                   0x08005ab5   Thumb Code    26  stm32f4xx_tim.o(.text)
    TIM_OC4PolarityConfig                    0x08005acf   Thumb Code    26  stm32f4xx_tim.o(.text)
    TIM_CCxCmd                               0x08005ae9   Thumb Code    30  stm32f4xx_tim.o(.text)
    TIM_CCxNCmd                              0x08005b07   Thumb Code    30  stm32f4xx_tim.o(.text)
    TIM_SetIC4Prescaler                      0x08005b25   Thumb Code    26  stm32f4xx_tim.o(.text)
    TIM_SetIC3Prescaler                      0x08005b8f   Thumb Code    18  stm32f4xx_tim.o(.text)
    TIM_SetIC2Prescaler                      0x08005be9   Thumb Code    26  stm32f4xx_tim.o(.text)
    TIM_SetIC1Prescaler                      0x08005c5d   Thumb Code    18  stm32f4xx_tim.o(.text)
    TIM_ICInit                               0x08005ca9   Thumb Code   110  stm32f4xx_tim.o(.text)
    TIM_ICStructInit                         0x08005d17   Thumb Code    18  stm32f4xx_tim.o(.text)
    TIM_PWMIConfig                           0x08005d29   Thumb Code   124  stm32f4xx_tim.o(.text)
    TIM_GetCapture1                          0x08005da5   Thumb Code     6  stm32f4xx_tim.o(.text)
    TIM_GetCapture2                          0x08005dab   Thumb Code     6  stm32f4xx_tim.o(.text)
    TIM_GetCapture3                          0x08005db1   Thumb Code     6  stm32f4xx_tim.o(.text)
    TIM_GetCapture4                          0x08005db7   Thumb Code     6  stm32f4xx_tim.o(.text)
    TIM_BDTRConfig                           0x08005dbd   Thumb Code    32  stm32f4xx_tim.o(.text)
    TIM_BDTRStructInit                       0x08005ddd   Thumb Code    18  stm32f4xx_tim.o(.text)
    TIM_CtrlPWMOutputs                       0x08005def   Thumb Code    30  stm32f4xx_tim.o(.text)
    TIM_SelectCOM                            0x08005e0d   Thumb Code    24  stm32f4xx_tim.o(.text)
    TIM_CCPreloadControl                     0x08005e25   Thumb Code    24  stm32f4xx_tim.o(.text)
    TIM_ITConfig                             0x08005e3d   Thumb Code    18  stm32f4xx_tim.o(.text)
    TIM_GenerateEvent                        0x08005e4f   Thumb Code     4  stm32f4xx_tim.o(.text)
    TIM_GetFlagStatus                        0x08005e53   Thumb Code    18  stm32f4xx_tim.o(.text)
    TIM_ClearFlag                            0x08005e65   Thumb Code     6  stm32f4xx_tim.o(.text)
    TIM_GetITStatus                          0x08005e6b   Thumb Code    34  stm32f4xx_tim.o(.text)
    TIM_ClearITPendingBit                    0x08005e8d   Thumb Code     6  stm32f4xx_tim.o(.text)
    TIM_DMAConfig                            0x08005e93   Thumb Code    10  stm32f4xx_tim.o(.text)
    TIM_DMACmd                               0x08005e9d   Thumb Code    18  stm32f4xx_tim.o(.text)
    TIM_SelectCCDMA                          0x08005eaf   Thumb Code    24  stm32f4xx_tim.o(.text)
    TIM_InternalClockConfig                  0x08005ec7   Thumb Code    12  stm32f4xx_tim.o(.text)
    TIM_SelectInputTrigger                   0x08005ed3   Thumb Code    18  stm32f4xx_tim.o(.text)
    TIM_ITRxExternalClockConfig              0x08005ee5   Thumb Code    24  stm32f4xx_tim.o(.text)
    TIM_TIxExternalClockConfig               0x08005efd   Thumb Code    62  stm32f4xx_tim.o(.text)
    TIM_ETRConfig                            0x08005f3b   Thumb Code    28  stm32f4xx_tim.o(.text)
    TIM_ETRClockMode1Config                  0x08005f57   Thumb Code    54  stm32f4xx_tim.o(.text)
    TIM_ETRClockMode2Config                  0x08005f8d   Thumb Code    32  stm32f4xx_tim.o(.text)
    TIM_SelectOutputTrigger                  0x08005fad   Thumb Code    18  stm32f4xx_tim.o(.text)
    TIM_SelectSlaveMode                      0x08005fbf   Thumb Code    18  stm32f4xx_tim.o(.text)
    TIM_SelectMasterSlaveMode                0x08005fd1   Thumb Code    18  stm32f4xx_tim.o(.text)
    TIM_EncoderInterfaceConfig               0x08005fe3   Thumb Code    66  stm32f4xx_tim.o(.text)
    TIM_SelectHallSensor                     0x08006025   Thumb Code    24  stm32f4xx_tim.o(.text)
    TIM_RemapConfig                          0x0800603d   Thumb Code     6  stm32f4xx_tim.o(.text)
    SPI_I2S_DeInit                           0x08006045   Thumb Code    76  stm32f4xx_spi.o(.text)
    SPI_Init                                 0x08006091   Thumb Code    60  stm32f4xx_spi.o(.text)
    I2S_Init                                 0x080060cd   Thumb Code   350  stm32f4xx_spi.o(.text)
    SPI_StructInit                           0x0800622b   Thumb Code    24  stm32f4xx_spi.o(.text)
    I2S_StructInit                           0x08006243   Thumb Code    20  stm32f4xx_spi.o(.text)
    SPI_Cmd                                  0x08006257   Thumb Code    24  stm32f4xx_spi.o(.text)
    I2S_Cmd                                  0x0800626f   Thumb Code    24  stm32f4xx_spi.o(.text)
    SPI_DataSizeConfig                       0x08006287   Thumb Code    18  stm32f4xx_spi.o(.text)
    SPI_BiDirectionalLineConfig              0x08006299   Thumb Code    28  stm32f4xx_spi.o(.text)
    SPI_NSSInternalSoftwareConfig            0x080062b5   Thumb Code    30  stm32f4xx_spi.o(.text)
    SPI_SSOutputCmd                          0x080062d3   Thumb Code    24  stm32f4xx_spi.o(.text)
    SPI_TIModeCmd                            0x080062eb   Thumb Code    24  stm32f4xx_spi.o(.text)
    I2S_FullDuplexConfig                     0x08006303   Thumb Code    80  stm32f4xx_spi.o(.text)
    SPI_I2S_ReceiveData                      0x08006353   Thumb Code     6  stm32f4xx_spi.o(.text)
    SPI_I2S_SendData                         0x08006359   Thumb Code     4  stm32f4xx_spi.o(.text)
    SPI_CalculateCRC                         0x0800635d   Thumb Code    24  stm32f4xx_spi.o(.text)
    SPI_TransmitCRC                          0x08006375   Thumb Code    10  stm32f4xx_spi.o(.text)
    SPI_GetCRC                               0x0800637f   Thumb Code    16  stm32f4xx_spi.o(.text)
    SPI_GetCRCPolynomial                     0x0800638f   Thumb Code     6  stm32f4xx_spi.o(.text)
    SPI_I2S_DMACmd                           0x08006395   Thumb Code    18  stm32f4xx_spi.o(.text)
    SPI_I2S_ITConfig                         0x080063a7   Thumb Code    32  stm32f4xx_spi.o(.text)
    SPI_I2S_GetFlagStatus                    0x080063c7   Thumb Code    18  stm32f4xx_spi.o(.text)
    SPI_I2S_ClearFlag                        0x080063d9   Thumb Code     6  stm32f4xx_spi.o(.text)
    SPI_I2S_GetITStatus                      0x080063df   Thumb Code    52  stm32f4xx_spi.o(.text)
    SPI_I2S_ClearITPendingBit                0x08006413   Thumb Code    42  stm32f4xx_spi.o(.text)
    ETH_DeInit                               0x08006459   Thumb Code    22  stm32f4x7_eth.o(.text)
    ETH_StructInit                           0x0800646f   Thumb Code   178  stm32f4x7_eth.o(.text)
    ETH_WritePHYRegister                     0x08006521   Thumb Code    96  stm32f4x7_eth.o(.text)
    ETH_ReadPHYRegister                      0x08006581   Thumb Code    98  stm32f4x7_eth.o(.text)
    ETH_Init                                 0x080065e3   Thumb Code   650  stm32f4x7_eth.o(.text)
    ETH_DMAReceptionCmd                      0x0800686d   Thumb Code    30  stm32f4x7_eth.o(.text)
    ETH_DMATransmissionCmd                   0x0800688b   Thumb Code    30  stm32f4x7_eth.o(.text)
    ETH_MACReceptionCmd                      0x080068a9   Thumb Code    30  stm32f4x7_eth.o(.text)
    ETH_FlushTransmitFIFO                    0x080068c7   Thumb Code    14  stm32f4x7_eth.o(.text)
    ETH_MACTransmissionCmd                   0x080068d5   Thumb Code    30  stm32f4x7_eth.o(.text)
    ETH_Start                                0x080068f3   Thumb Code    78  stm32f4x7_eth.o(.text)
    ETH_GetFlowControlBusyStatus             0x08006941   Thumb Code    20  stm32f4x7_eth.o(.text)
    ETH_InitiatePauseControlFrame            0x08006955   Thumb Code    14  stm32f4x7_eth.o(.text)
    ETH_BackPressureActivationCmd            0x08006963   Thumb Code    30  stm32f4x7_eth.o(.text)
    ETH_GetMACFlagStatus                     0x08006981   Thumb Code    20  stm32f4x7_eth.o(.text)
    ETH_GetMACITStatus                       0x08006995   Thumb Code    20  stm32f4x7_eth.o(.text)
    ETH_MACITConfig                          0x080069a9   Thumb Code    26  stm32f4x7_eth.o(.text)
    ETH_MACAddressConfig                     0x080069c3   Thumb Code    46  stm32f4x7_eth.o(.text)
    ETH_GetMACAddress                        0x080069f1   Thumb Code    36  stm32f4x7_eth.o(.text)
    ETH_MACAddressPerfectFilterCmd           0x08006a15   Thumb Code    38  stm32f4x7_eth.o(.text)
    ETH_MACAddressFilterConfig               0x08006a3b   Thumb Code    40  stm32f4x7_eth.o(.text)
    ETH_MACAddressMaskBytesFilterConfig      0x08006a63   Thumb Code    32  stm32f4x7_eth.o(.text)
    ETH_Get_Received_Frame                   0x08006a83   Thumb Code    82  stm32f4x7_eth.o(.text)
    ETH_Get_Received_Frame_interrupt         0x08006ad5   Thumb Code   268  stm32f4x7_eth.o(.text)
    ETH_Prepare_Transmit_Descriptors         0x08006be1   Thumb Code   222  stm32f4x7_eth.o(.text)
    ETH_Prepare_Transmit_Descriptors_TimeStamp 0x08006cbf   Thumb Code   378  stm32f4x7_eth.o(.text)
    ETH_DMARxDescChainInit                   0x08006e39   Thumb Code    82  stm32f4x7_eth.o(.text)
    ETH_CheckFrameReceived                   0x08006e8b   Thumb Code   190  stm32f4x7_eth.o(.text)
    ETH_DMATxDescChainInit                   0x08006f49   Thumb Code    70  stm32f4x7_eth.o(.text)
    ETH_GetDMATxDescFlagStatus               0x08006f8f   Thumb Code    18  stm32f4x7_eth.o(.text)
    ETH_GetDMATxDescCollisionCount           0x08006fa1   Thumb Code    10  stm32f4x7_eth.o(.text)
    ETH_SetDMATxDescOwnBit                   0x08006fab   Thumb Code    10  stm32f4x7_eth.o(.text)
    ETH_DMATxDescTransmitITConfig            0x08006fb5   Thumb Code    22  stm32f4x7_eth.o(.text)
    ETH_DMATxDescFrameSegmentConfig          0x08006fcb   Thumb Code     8  stm32f4x7_eth.o(.text)
    ETH_DMATxDescChecksumInsertionConfig     0x08006fd3   Thumb Code     8  stm32f4x7_eth.o(.text)
    ETH_DMATxDescCRCCmd                      0x08006fdb   Thumb Code    22  stm32f4x7_eth.o(.text)
    ETH_DMATxDescSecondAddressChainedCmd     0x08006ff1   Thumb Code    22  stm32f4x7_eth.o(.text)
    ETH_DMATxDescShortFramePaddingCmd        0x08007007   Thumb Code    22  stm32f4x7_eth.o(.text)
    ETH_DMATxDescBufferSizeConfig            0x0800701d   Thumb Code    14  stm32f4x7_eth.o(.text)
    ETH_GetDMARxDescFlagStatus               0x0800702b   Thumb Code    18  stm32f4x7_eth.o(.text)
    ETH_GetDMAPTPRxDescExtendedFlagStatus    0x0800703d   Thumb Code    18  stm32f4x7_eth.o(.text)
    ETH_SetDMARxDescOwnBit                   0x0800704f   Thumb Code    10  stm32f4x7_eth.o(.text)
    ETH_GetDMARxDescFrameLength              0x08007059   Thumb Code    10  stm32f4x7_eth.o(.text)
    ETH_DMARxDescReceiveITConfig             0x08007063   Thumb Code    22  stm32f4x7_eth.o(.text)
    ETH_GetDMARxDescBufferSize               0x08007079   Thumb Code    20  stm32f4x7_eth.o(.text)
    ETH_GetRxPktSize                         0x0800708d   Thumb Code    42  stm32f4x7_eth.o(.text)
    ETH_EnhancedDescriptorCmd                0x080070b7   Thumb Code    30  stm32f4x7_eth.o(.text)
    ETH_SoftwareReset                        0x080070d5   Thumb Code    14  stm32f4x7_eth.o(.text)
    ETH_GetSoftwareResetStatus               0x080070e3   Thumb Code    20  stm32f4x7_eth.o(.text)
    ETH_GetDMAFlagStatus                     0x080070f7   Thumb Code    20  stm32f4x7_eth.o(.text)
    ETH_DMAClearFlag                         0x0800710b   Thumb Code     6  stm32f4x7_eth.o(.text)
    ETH_DMAITConfig                          0x08007111   Thumb Code    26  stm32f4x7_eth.o(.text)
    ETH_GetDMAITStatus                       0x0800712b   Thumb Code    46  stm32f4x7_eth.o(.text)
    ETH_DMAClearITPendingBit                 0x08007159   Thumb Code     6  stm32f4x7_eth.o(.text)
    ETH_GetTransmitProcessState              0x0800715f   Thumb Code    10  stm32f4x7_eth.o(.text)
    ETH_GetReceiveProcessState               0x08007169   Thumb Code    10  stm32f4x7_eth.o(.text)
    ETH_GetFlushTransmitFIFOStatus           0x08007173   Thumb Code    20  stm32f4x7_eth.o(.text)
    ETH_GetDMAOverflowStatus                 0x08007187   Thumb Code    20  stm32f4x7_eth.o(.text)
    ETH_GetRxOverflowMissedFrameCounter      0x0800719b   Thumb Code    10  stm32f4x7_eth.o(.text)
    ETH_GetBufferUnavailableMissedFrameCounter 0x080071a5   Thumb Code     8  stm32f4x7_eth.o(.text)
    ETH_GetCurrentTxDescStartAddress         0x080071ad   Thumb Code     6  stm32f4x7_eth.o(.text)
    ETH_GetCurrentRxDescStartAddress         0x080071b3   Thumb Code     6  stm32f4x7_eth.o(.text)
    ETH_GetCurrentTxBufferAddress            0x080071b9   Thumb Code     6  stm32f4x7_eth.o(.text)
    ETH_GetCurrentRxBufferAddress            0x080071bf   Thumb Code     6  stm32f4x7_eth.o(.text)
    ETH_ResumeDMATransmission                0x080071c5   Thumb Code     8  stm32f4x7_eth.o(.text)
    ETH_ResumeDMAReception                   0x080071cd   Thumb Code     8  stm32f4x7_eth.o(.text)
    ETH_SetReceiveWatchdogTimer              0x080071d5   Thumb Code     6  stm32f4x7_eth.o(.text)
    ETH_PHYLoopBackCmd                       0x080071db   Thumb Code    52  stm32f4x7_eth.o(.text)
    ETH_ResetWakeUpFrameFilterRegisterPointer 0x0800720f   Thumb Code    14  stm32f4x7_eth.o(.text)
    ETH_SetWakeUpFrameFilterRegister         0x0800721d   Thumb Code    24  stm32f4x7_eth.o(.text)
    ETH_GlobalUnicastWakeUpCmd               0x08007235   Thumb Code    30  stm32f4x7_eth.o(.text)
    ETH_GetPMTFlagStatus                     0x08007253   Thumb Code    20  stm32f4x7_eth.o(.text)
    ETH_WakeUpFrameDetectionCmd              0x08007267   Thumb Code    30  stm32f4x7_eth.o(.text)
    ETH_MagicPacketDetectionCmd              0x08007285   Thumb Code    30  stm32f4x7_eth.o(.text)
    ETH_PowerDownCmd                         0x080072a3   Thumb Code    30  stm32f4x7_eth.o(.text)
    ETH_MMCCounterFullPreset                 0x080072c1   Thumb Code    16  stm32f4x7_eth.o(.text)
    ETH_MMCCounterHalfPreset                 0x080072d1   Thumb Code    30  stm32f4x7_eth.o(.text)
    ETH_MMCCounterFreezeCmd                  0x080072ef   Thumb Code    34  stm32f4x7_eth.o(.text)
    ETH_MMCResetOnReadCmd                    0x08007311   Thumb Code    34  stm32f4x7_eth.o(.text)
    ETH_MMCCounterRolloverCmd                0x08007333   Thumb Code    34  stm32f4x7_eth.o(.text)
    ETH_MMCCountersReset                     0x08007355   Thumb Code    16  stm32f4x7_eth.o(.text)
    ETH_MMCITConfig                          0x08007365   Thumb Code    78  stm32f4x7_eth.o(.text)
    ETH_GetMMCITStatus                       0x080073b3   Thumb Code    66  stm32f4x7_eth.o(.text)
    ETH_GetMMCRegister                       0x080073f5   Thumb Code     8  stm32f4x7_eth.o(.text)
    ETH_EnablePTPTimeStampAddend             0x080073fd   Thumb Code    14  stm32f4x7_eth.o(.text)
    ETH_EnablePTPTimeStampInterruptTrigger   0x0800740b   Thumb Code    14  stm32f4x7_eth.o(.text)
    ETH_EnablePTPTimeStampUpdate             0x08007419   Thumb Code    14  stm32f4x7_eth.o(.text)
    ETH_InitializePTPTimeStamp               0x08007427   Thumb Code    14  stm32f4x7_eth.o(.text)
    ETH_PTPUpdateMethodConfig                0x08007435   Thumb Code    30  stm32f4x7_eth.o(.text)
    ETH_PTPTimeStampCmd                      0x08007453   Thumb Code    32  stm32f4x7_eth.o(.text)
    ETH_GetPTPFlagStatus                     0x08007473   Thumb Code    20  stm32f4x7_eth.o(.text)
    ETH_SetPTPSubSecondIncrement             0x08007487   Thumb Code     8  stm32f4x7_eth.o(.text)
    ETH_SetPTPTimeStampUpdate                0x0800748f   Thumb Code    20  stm32f4x7_eth.o(.text)
    ETH_SetPTPTimeStampAddend                0x080074a3   Thumb Code     8  stm32f4x7_eth.o(.text)
    ETH_SetPTPTargetTime                     0x080074ab   Thumb Code    12  stm32f4x7_eth.o(.text)
    ETH_GetPTPRegister                       0x080074b7   Thumb Code     8  stm32f4x7_eth.o(.text)
    Reset_Handler                            0x080074d1   Thumb Code     8  startup_stm32f4xx.o(.text)
    ADC_IRQHandler                           0x080074eb   Thumb Code     0  startup_stm32f4xx.o(.text)
    CAN1_RX0_IRQHandler                      0x080074eb   Thumb Code     0  startup_stm32f4xx.o(.text)
    CAN1_RX1_IRQHandler                      0x080074eb   Thumb Code     0  startup_stm32f4xx.o(.text)
    CAN1_SCE_IRQHandler                      0x080074eb   Thumb Code     0  startup_stm32f4xx.o(.text)
    CAN1_TX_IRQHandler                       0x080074eb   Thumb Code     0  startup_stm32f4xx.o(.text)
    CAN2_RX0_IRQHandler                      0x080074eb   Thumb Code     0  startup_stm32f4xx.o(.text)
    CAN2_RX1_IRQHandler                      0x080074eb   Thumb Code     0  startup_stm32f4xx.o(.text)
    CAN2_SCE_IRQHandler                      0x080074eb   Thumb Code     0  startup_stm32f4xx.o(.text)
    CAN2_TX_IRQHandler                       0x080074eb   Thumb Code     0  startup_stm32f4xx.o(.text)
    CRYP_IRQHandler                          0x080074eb   Thumb Code     0  startup_stm32f4xx.o(.text)
    DCMI_IRQHandler                          0x080074eb   Thumb Code     0  startup_stm32f4xx.o(.text)
    DMA1_Stream0_IRQHandler                  0x080074eb   Thumb Code     0  startup_stm32f4xx.o(.text)
    DMA1_Stream1_IRQHandler                  0x080074eb   Thumb Code     0  startup_stm32f4xx.o(.text)
    DMA1_Stream2_IRQHandler                  0x080074eb   Thumb Code     0  startup_stm32f4xx.o(.text)
    DMA1_Stream3_IRQHandler                  0x080074eb   Thumb Code     0  startup_stm32f4xx.o(.text)
    DMA1_Stream4_IRQHandler                  0x080074eb   Thumb Code     0  startup_stm32f4xx.o(.text)
    DMA1_Stream5_IRQHandler                  0x080074eb   Thumb Code     0  startup_stm32f4xx.o(.text)
    DMA1_Stream6_IRQHandler                  0x080074eb   Thumb Code     0  startup_stm32f4xx.o(.text)
    DMA1_Stream7_IRQHandler                  0x080074eb   Thumb Code     0  startup_stm32f4xx.o(.text)
    DMA2_Stream1_IRQHandler                  0x080074eb   Thumb Code     0  startup_stm32f4xx.o(.text)
    DMA2_Stream2_IRQHandler                  0x080074eb   Thumb Code     0  startup_stm32f4xx.o(.text)
    DMA2_Stream3_IRQHandler                  0x080074eb   Thumb Code     0  startup_stm32f4xx.o(.text)
    DMA2_Stream4_IRQHandler                  0x080074eb   Thumb Code     0  startup_stm32f4xx.o(.text)
    DMA2_Stream5_IRQHandler                  0x080074eb   Thumb Code     0  startup_stm32f4xx.o(.text)
    DMA2_Stream6_IRQHandler                  0x080074eb   Thumb Code     0  startup_stm32f4xx.o(.text)
    DMA2_Stream7_IRQHandler                  0x080074eb   Thumb Code     0  startup_stm32f4xx.o(.text)
    ETH_WKUP_IRQHandler                      0x080074eb   Thumb Code     0  startup_stm32f4xx.o(.text)
    EXTI0_IRQHandler                         0x080074eb   Thumb Code     0  startup_stm32f4xx.o(.text)
    EXTI15_10_IRQHandler                     0x080074eb   Thumb Code     0  startup_stm32f4xx.o(.text)
    EXTI1_IRQHandler                         0x080074eb   Thumb Code     0  startup_stm32f4xx.o(.text)
    EXTI2_IRQHandler                         0x080074eb   Thumb Code     0  startup_stm32f4xx.o(.text)
    EXTI3_IRQHandler                         0x080074eb   Thumb Code     0  startup_stm32f4xx.o(.text)
    EXTI4_IRQHandler                         0x080074eb   Thumb Code     0  startup_stm32f4xx.o(.text)
    EXTI9_5_IRQHandler                       0x080074eb   Thumb Code     0  startup_stm32f4xx.o(.text)
    FLASH_IRQHandler                         0x080074eb   Thumb Code     0  startup_stm32f4xx.o(.text)
    FPU_IRQHandler                           0x080074eb   Thumb Code     0  startup_stm32f4xx.o(.text)
    FSMC_IRQHandler                          0x080074eb   Thumb Code     0  startup_stm32f4xx.o(.text)
    HASH_RNG_IRQHandler                      0x080074eb   Thumb Code     0  startup_stm32f4xx.o(.text)
    I2C1_ER_IRQHandler                       0x080074eb   Thumb Code     0  startup_stm32f4xx.o(.text)
    I2C1_EV_IRQHandler                       0x080074eb   Thumb Code     0  startup_stm32f4xx.o(.text)
    I2C2_ER_IRQHandler                       0x080074eb   Thumb Code     0  startup_stm32f4xx.o(.text)
    I2C2_EV_IRQHandler                       0x080074eb   Thumb Code     0  startup_stm32f4xx.o(.text)
    I2C3_ER_IRQHandler                       0x080074eb   Thumb Code     0  startup_stm32f4xx.o(.text)
    I2C3_EV_IRQHandler                       0x080074eb   Thumb Code     0  startup_stm32f4xx.o(.text)
    OTG_FS_IRQHandler                        0x080074eb   Thumb Code     0  startup_stm32f4xx.o(.text)
    OTG_FS_WKUP_IRQHandler                   0x080074eb   Thumb Code     0  startup_stm32f4xx.o(.text)
    OTG_HS_EP1_IN_IRQHandler                 0x080074eb   Thumb Code     0  startup_stm32f4xx.o(.text)
    OTG_HS_EP1_OUT_IRQHandler                0x080074eb   Thumb Code     0  startup_stm32f4xx.o(.text)
    OTG_HS_IRQHandler                        0x080074eb   Thumb Code     0  startup_stm32f4xx.o(.text)
    OTG_HS_WKUP_IRQHandler                   0x080074eb   Thumb Code     0  startup_stm32f4xx.o(.text)
    PVD_IRQHandler                           0x080074eb   Thumb Code     0  startup_stm32f4xx.o(.text)
    RCC_IRQHandler                           0x080074eb   Thumb Code     0  startup_stm32f4xx.o(.text)
    RTC_Alarm_IRQHandler                     0x080074eb   Thumb Code     0  startup_stm32f4xx.o(.text)
    RTC_WKUP_IRQHandler                      0x080074eb   Thumb Code     0  startup_stm32f4xx.o(.text)
    SDIO_IRQHandler                          0x080074eb   Thumb Code     0  startup_stm32f4xx.o(.text)
    SPI1_IRQHandler                          0x080074eb   Thumb Code     0  startup_stm32f4xx.o(.text)
    SPI2_IRQHandler                          0x080074eb   Thumb Code     0  startup_stm32f4xx.o(.text)
    SPI3_IRQHandler                          0x080074eb   Thumb Code     0  startup_stm32f4xx.o(.text)
    TAMP_STAMP_IRQHandler                    0x080074eb   Thumb Code     0  startup_stm32f4xx.o(.text)
    TIM1_BRK_TIM9_IRQHandler                 0x080074eb   Thumb Code     0  startup_stm32f4xx.o(.text)
    TIM1_CC_IRQHandler                       0x080074eb   Thumb Code     0  startup_stm32f4xx.o(.text)
    TIM1_TRG_COM_TIM11_IRQHandler            0x080074eb   Thumb Code     0  startup_stm32f4xx.o(.text)
    TIM1_UP_TIM10_IRQHandler                 0x080074eb   Thumb Code     0  startup_stm32f4xx.o(.text)
    TIM3_IRQHandler                          0x080074eb   Thumb Code     0  startup_stm32f4xx.o(.text)
    TIM4_IRQHandler                          0x080074eb   Thumb Code     0  startup_stm32f4xx.o(.text)
    TIM5_IRQHandler                          0x080074eb   Thumb Code     0  startup_stm32f4xx.o(.text)
    TIM6_DAC_IRQHandler                      0x080074eb   Thumb Code     0  startup_stm32f4xx.o(.text)
    TIM7_IRQHandler                          0x080074eb   Thumb Code     0  startup_stm32f4xx.o(.text)
    TIM8_BRK_TIM12_IRQHandler                0x080074eb   Thumb Code     0  startup_stm32f4xx.o(.text)
    TIM8_CC_IRQHandler                       0x080074eb   Thumb Code     0  startup_stm32f4xx.o(.text)
    TIM8_TRG_COM_TIM14_IRQHandler            0x080074eb   Thumb Code     0  startup_stm32f4xx.o(.text)
    TIM8_UP_TIM13_IRQHandler                 0x080074eb   Thumb Code     0  startup_stm32f4xx.o(.text)
    UART4_IRQHandler                         0x080074eb   Thumb Code     0  startup_stm32f4xx.o(.text)
    UART5_IRQHandler                         0x080074eb   Thumb Code     0  startup_stm32f4xx.o(.text)
    USART1_IRQHandler                        0x080074eb   Thumb Code     0  startup_stm32f4xx.o(.text)
    USART2_IRQHandler                        0x080074eb   Thumb Code     0  startup_stm32f4xx.o(.text)
    USART3_IRQHandler                        0x080074eb   Thumb Code     0  startup_stm32f4xx.o(.text)
    USART6_IRQHandler                        0x080074eb   Thumb Code     0  startup_stm32f4xx.o(.text)
    WWDG_IRQHandler                          0x080074eb   Thumb Code     0  startup_stm32f4xx.o(.text)
    MAC_Init                                 0x080074f5   Thumb Code    64  netconf.o(.text)
    ETH_PTPSubSecond2NanoSecond              0x08007541   Thumb Code    22  ethernetif.o(.text)
    ETH_PTPNanoSecond2SubSecond              0x08007557   Thumb Code    32  ethernetif.o(.text)
    ETH_PTPTime_GetTime                      0x08007577   Thumb Code    32  ethernetif.o(.text)
    copy_buffer                              0x08007597   Thumb Code    30  ethernetif.o(.text)
    ethernetif_input_test                    0x08007755   Thumb Code    30  ethernetif.o(.text)
    low_level_init_test                      0x080077c3   Thumb Code   156  ethernetif.o(.text)
    low_level_output                         0x0800785f   Thumb Code    96  ethernetif.o(.text)
    new_low_level_output                     0x080078bf   Thumb Code    92  ethernetif.o(.text)
    Convert32                                0x0800791b   Thumb Code    90  ethernetif.o(.text)
    Convert16                                0x08007975   Thumb Code    12  ethernetif.o(.text)
    new_send_something                       0x08007981   Thumb Code   480  ethernetif.o(.text)
    ETH_PTPTime_AdjFreq                      0x08007b61   Thumb Code    80  ethernetif.o(.text)
    ETH_PTPTime_UpdateOffset                 0x08007bb1   Thumb Code   124  ethernetif.o(.text)
    ETH_PTPTime_SetTime                      0x08007c2d   Thumb Code    80  ethernetif.o(.text)
    pbuf_free                                0x08007c95   Thumb Code   126  pbuf.o(.text)
    pbuf_alloc                               0x08007d13   Thumb Code   424  pbuf.o(.text)
    pbuf_realloc                             0x08007ebb   Thumb Code   120  pbuf.o(.text)
    pbuf_header                              0x08007f33   Thumb Code   134  pbuf.o(.text)
    pbuf_clen                                0x08007fb9   Thumb Code    18  pbuf.o(.text)
    pbuf_ref                                 0x08007fcb   Thumb Code    10  pbuf.o(.text)
    pbuf_cat                                 0x08007fd5   Thumb Code    56  pbuf.o(.text)
    pbuf_chain                               0x0800800d   Thumb Code    26  pbuf.o(.text)
    pbuf_dechain                             0x08008027   Thumb Code    66  pbuf.o(.text)
    pbuf_copy                                0x08008069   Thumb Code   200  pbuf.o(.text)
    pbuf_copy_partial                        0x08008131   Thumb Code   146  pbuf.o(.text)
    pbuf_take                                0x080081c3   Thumb Code   116  pbuf.o(.text)
    pbuf_coalesce                            0x08008237   Thumb Code    60  pbuf.o(.text)
    pbuf_get_at                              0x08008273   Thumb Code    46  pbuf.o(.text)
    pbuf_memcmp                              0x080082a1   Thumb Code    96  pbuf.o(.text)
    pbuf_memfind                             0x08008301   Thumb Code    76  pbuf.o(.text)
    pbuf_strstr                              0x0800834d   Thumb Code    60  pbuf.o(.text)
    memp_init                                0x08008389   Thumb Code    82  memp.o(.text)
    memp_malloc                              0x080083db   Thumb Code    44  memp.o(.text)
    memp_free                                0x08008407   Thumb Code    28  memp.o(.text)
    mem_init                                 0x080084b1   Thumb Code    86  mem.o(.text)
    mem_free                                 0x08008507   Thumb Code    88  mem.o(.text)
    mem_trim                                 0x0800855f   Thumb Code   268  mem.o(.text)
    mem_malloc                               0x0800866b   Thumb Code   256  mem.o(.text)
    mem_calloc                               0x0800876b   Thumb Code    34  mem.o(.text)
    sys_mbox_new                             0x080087a1   Thumb Code    58  sys_arch.o(.text)
    sys_mbox_free                            0x080087db   Thumb Code    30  sys_arch.o(.text)
    sys_mbox_post                            0x080087f9   Thumb Code    28  sys_arch.o(.text)
    sys_mbox_trypost                         0x08008815   Thumb Code    30  sys_arch.o(.text)
    sys_arch_mbox_fetch                      0x08008833   Thumb Code    60  sys_arch.o(.text)
    sys_arch_mbox_tryfetch                   0x0800886f   Thumb Code    38  sys_arch.o(.text)
    sys_sem_new                              0x08008895   Thumb Code    42  sys_arch.o(.text)
    sys_arch_sem_wait                        0x080088bf   Thumb Code    48  sys_arch.o(.text)
    sys_sem_signal                           0x080088ef   Thumb Code    18  sys_arch.o(.text)
    sys_sem_free                             0x08008901   Thumb Code     2  sys_arch.o(.text)
    sys_timer_new                            0x08008903   Thumb Code    58  sys_arch.o(.text)
    sys_timer_start                          0x0800893d   Thumb Code    24  sys_arch.o(.text)
    sys_timer_stop                           0x08008955   Thumb Code    20  sys_arch.o(.text)
    sys_timer_free                           0x08008969   Thumb Code     2  sys_arch.o(.text)
    sys_mutex_new                            0x0800896b   Thumb Code    46  sys_arch.o(.text)
    my_sys_mutex_lock                        0x08008999   Thumb Code    28  sys_arch.o(.text)
    my_sys_mutex_unlock                      0x080089b5   Thumb Code    20  sys_arch.o(.text)
    sys_mutex_lock                           0x080089c9   Thumb Code    24  sys_arch.o(.text)
    sys_mutex_unlock                         0x080089e1   Thumb Code    20  sys_arch.o(.text)
    sys_mutex_free                           0x080089f5   Thumb Code     2  sys_arch.o(.text)
    sys_init                                 0x080089f7   Thumb Code    26  sys_arch.o(.text)
    sys_arch_protect                         0x08008a11   Thumb Code    26  sys_arch.o(.text)
    sys_arch_unprotect                       0x08008a2b   Thumb Code    22  sys_arch.o(.text)
    sys_now                                  0x08008a41   Thumb Code     8  sys_arch.o(.text)
    sys_thread_new                           0x08008a49   Thumb Code    98  sys_arch.o(.text)
    assert_printf                            0x08008aab   Thumb Code    32  sys_arch.o(.text)
    ptpd_alert                               0x08008d35   Thumb Code    12  ptpd.o(.text)
    ptpd_init                                0x08008d41   Thumb Code    36  ptpd.o(.text)
    toState                                  0x08008dc9   Thumb Code   768  protocol.o(.text)
    copy_PTP_buffer                          0x080098ef   Thumb Code    54  protocol.o(.text)
    doState                                  0x08009bbb   Thumb Code   594  protocol.o(.text)
    netMACCheck                              0x08009f3b   Thumb Code    40  net.o(.text)
    netMACShutdown                           0x08009f8b   Thumb Code     4  net.o(.text)
    netMACif_set_default                     0x08009f8f   Thumb Code     6  net.o(.text)
    netMACInit                               0x0800a00d   Thumb Code    50  net.o(.text)
    netSelect                                0x0800a03f   Thumb Code    34  net.o(.text)
    netEmptyEventQ                           0x0800a061   Thumb Code    14  net.o(.text)
    netRecvEvent                             0x0800a0e9   Thumb Code    22  net.o(.text)
    netRecvGeneral                           0x0800a0ff   Thumb Code    22  net.o(.text)
    netSendEvent                             0x0800a163   Thumb Code    28  net.o(.text)
    netSendGeneral                           0x0800a17f   Thumb Code    26  net.o(.text)
    netSendPeerGeneral                       0x0800a199   Thumb Code    26  net.o(.text)
    netSendPeerEvent                         0x0800a1b3   Thumb Code    28  net.o(.text)
    ptpdShutdown                             0x0800a1e5   Thumb Code    14  startup.o(.text)
    ptpdStartup                              0x0800a1f3   Thumb Code    58  startup.o(.text)
    EUI48toEUI64                             0x0800a22d   Thumb Code    34  bmc.o(.text)
    initData                                 0x0800a24f   Thumb Code   206  bmc.o(.text)
    isSamePortIdentity                       0x0800a31d   Thumb Code    38  bmc.o(.text)
    addForeign                               0x0800a343   Thumb Code   342  bmc.o(.text)
    m1                                       0x0800a499   Thumb Code   114  bmc.o(.text)
    p1                                       0x0800a50b   Thumb Code     2  bmc.o(.text)
    s1                                       0x0800a50d   Thumb Code   186  bmc.o(.text)
    copyD0                                   0x0800a5c7   Thumb Code    56  bmc.o(.text)
    bmcDataSetComparison                     0x0800a5ff   Thumb Code   376  bmc.o(.text)
    bmcStateDecision                         0x0800a777   Thumb Code   116  bmc.o(.text)
    bmc                                      0x0800a7eb   Thumb Code   154  bmc.o(.text)
    scaledNanosecondsToInternalTime          0x0800a885   Thumb Code    88  arith.o(.text)
    fromInternalTime                         0x0800a8dd   Thumb Code    34  arith.o(.text)
    toInternalTime                           0x0800a8ff   Thumb Code    26  arith.o(.text)
    normalizeTime                            0x0800a919   Thumb Code    90  arith.o(.text)
    addTime                                  0x0800a973   Thumb Code    32  arith.o(.text)
    subTime                                  0x0800a993   Thumb Code    32  arith.o(.text)
    div2Time                                 0x0800a9b3   Thumb Code    56  arith.o(.text)
    floorLog2                                0x0800a9eb   Thumb Code    54  arith.o(.text)
    initTimer                                0x0800aa3f   Thumb Code    36  timer.o(.text)
    timerStop                                0x0800aa63   Thumb Code    38  timer.o(.text)
    timerStart                               0x0800aa89   Thumb Code    34  timer.o(.text)
    timerExpired                             0x0800aaab   Thumb Code    30  timer.o(.text)
    displayStats                             0x0800aaf1   Thumb Code   270  sys_time.o(.text)
    getTime                                  0x0800abff   Thumb Code    20  sys_time.o(.text)
    setTime                                  0x0800ac13   Thumb Code    20  sys_time.o(.text)
    updateTime                               0x0800ac27   Thumb Code    24  sys_time.o(.text)
    getRand                                  0x0800ac3f   Thumb Code    18  sys_time.o(.text)
    adjFreq                                  0x0800ac51   Thumb Code    34  sys_time.o(.text)
    initClock                                0x0800ad71   Thumb Code   216  servo.o(.text)
    updateOffset                             0x0800af0d   Thumb Code   222  servo.o(.text)
    updateDelay                              0x0800afeb   Thumb Code    92  servo.o(.text)
    updatePeerDelay                          0x0800b047   Thumb Code   110  servo.o(.text)
    updateClock                              0x0800b0b5   Thumb Code   250  servo.o(.text)
    msgUnpackHeader                          0x0800b1cd   Thumb Code   146  msg.o(.text)
    msgPackHeader                            0x0800b25f   Thumb Code    64  msg.o(.text)
    msgPackAnnounce                          0x0800b29f   Thumb Code   150  msg.o(.text)
    msgUnpackAnnounce                        0x0800b335   Thumb Code   116  msg.o(.text)
    msgPackSync                              0x0800b3a9   Thumb Code    92  msg.o(.text)
    msgUnpackSync                            0x0800b405   Thumb Code    34  msg.o(.text)
    msgPackDelayReq                          0x0800b427   Thumb Code    94  msg.o(.text)
    msgUnpackDelayReq                        0x0800b485   Thumb Code    34  msg.o(.text)
    msgPackFollowUp                          0x0800b4a7   Thumb Code    92  msg.o(.text)
    msgUnpackFollowUp                        0x0800b503   Thumb Code    34  msg.o(.text)
    msgPackDelayResp                         0x0800b525   Thumb Code   136  msg.o(.text)
    msgUnpackDelayResp                       0x0800b5ad   Thumb Code    54  msg.o(.text)
    msgPackPDelayReq                         0x0800b5e3   Thumb Code   102  msg.o(.text)
    msgUnpackPDelayReq                       0x0800b649   Thumb Code    34  msg.o(.text)
    msgPackPDelayResp                        0x0800b66b   Thumb Code   112  msg.o(.text)
    msgUnpackPDelayResp                      0x0800b6db   Thumb Code    54  msg.o(.text)
    msgPackPDelayRespFollowUp                0x0800b711   Thumb Code   122  msg.o(.text)
    msgUnpackPDelayRespFollowUp              0x0800b78b   Thumb Code    54  msg.o(.text)
    lwip_htons                               0x0800b7c1   Thumb Code    12  def.o(.text)
    lwip_ntohs                               0x0800b7cd   Thumb Code    12  def.o(.text)
    lwip_htonl                               0x0800b7d9   Thumb Code    26  def.o(.text)
    lwip_ntohl                               0x0800b7f3   Thumb Code    12  def.o(.text)
    APP_Initialize                           0x0800b801   Thumb Code   110  app.o(.text)
    APP_CANFDSPI_Init                        0x0800b86f   Thumb Code   328  app.o(.text)
    APP_TransmitMessageQueue                 0x0800b9b7   Thumb Code    88  app.o(.text)
    APP_TransmitSwitchState                  0x0800ba0f   Thumb Code   166  app.o(.text)
    DRV_CANFDSPI_Reset                       0x0800baf1   Thumb Code    32  drv_canfdspi_api.o(.text)
    DRV_CANFDSPI_ReadByte                    0x0800bb11   Thumb Code    56  drv_canfdspi_api.o(.text)
    DRV_CANFDSPI_WriteByte                   0x0800bb49   Thumb Code    50  drv_canfdspi_api.o(.text)
    DRV_CANFDSPI_ReadWord                    0x0800bb7b   Thumb Code    92  drv_canfdspi_api.o(.text)
    DRV_CANFDSPI_WriteWord                   0x0800bbd7   Thumb Code    76  drv_canfdspi_api.o(.text)
    DRV_CANFDSPI_ReadHalfWord                0x0800bc23   Thumb Code    92  drv_canfdspi_api.o(.text)
    DRV_CANFDSPI_WriteHalfWord               0x0800bc7f   Thumb Code    76  drv_canfdspi_api.o(.text)
    DRV_CANFDSPI_CalculateCRC16              0x0800bccb   Thumb Code    58  drv_canfdspi_api.o(.text)
    DRV_CANFDSPI_WriteByteSafe               0x0800bd05   Thumb Code    68  drv_canfdspi_api.o(.text)
    DRV_CANFDSPI_WriteWordSafe               0x0800bd49   Thumb Code    92  drv_canfdspi_api.o(.text)
    DRV_CANFDSPI_ReadByteArray               0x0800bda5   Thumb Code    92  drv_canfdspi_api.o(.text)
    DRV_CANFDSPI_ReadByteArrayWithCRC        0x0800be01   Thumb Code   206  drv_canfdspi_api.o(.text)
    DRV_CANFDSPI_WriteByteArray              0x0800becf   Thumb Code    86  drv_canfdspi_api.o(.text)
    DRV_CANFDSPI_WriteByteArrayWithCRC       0x0800bf25   Thumb Code   128  drv_canfdspi_api.o(.text)
    DRV_CANFDSPI_ReadWordArray               0x0800bfa5   Thumb Code   144  drv_canfdspi_api.o(.text)
    DRV_CANFDSPI_WriteWordArray              0x0800c035   Thumb Code   110  drv_canfdspi_api.o(.text)
    DRV_CANFDSPI_Configure                   0x0800c0a3   Thumb Code   180  drv_canfdspi_api.o(.text)
    DRV_CANFDSPI_ConfigureObjectReset        0x0800c157   Thumb Code   156  drv_canfdspi_api.o(.text)
    DRV_CANFDSPI_OperationModeSelect         0x0800c1f3   Thumb Code    76  drv_canfdspi_api.o(.text)
    DRV_CANFDSPI_OperationModeGet            0x0800c23f   Thumb Code   100  drv_canfdspi_api.o(.text)
    DRV_CANFDSPI_LowPowerModeEnable          0x0800c2a3   Thumb Code    12  drv_canfdspi_api.o(.text)
    DRV_CANFDSPI_LowPowerModeDisable         0x0800c2af   Thumb Code    12  drv_canfdspi_api.o(.text)
    DRV_CANFDSPI_TransmitChannelConfigure    0x0800c2bb   Thumb Code   134  drv_canfdspi_api.o(.text)
    DRV_CANFDSPI_TransmitChannelConfigureObjectReset 0x0800c341   Thumb Code    74  drv_canfdspi_api.o(.text)
    DRV_CANFDSPI_TransmitQueueConfigure      0x0800c38b   Thumb Code    90  drv_canfdspi_api.o(.text)
    DRV_CANFDSPI_TransmitQueueConfigureObjectReset 0x0800c3e5   Thumb Code    62  drv_canfdspi_api.o(.text)
    DRV_CANFDSPI_TransmitChannelUpdate       0x0800c423   Thumb Code    84  drv_canfdspi_api.o(.text)
    DRV_CANFDSPI_DlcToDataBytes              0x0800c477   Thumb Code    70  drv_canfdspi_api.o(.text)
    DRV_CANFDSPI_TransmitChannelLoad         0x0800c4bd   Thumb Code   294  drv_canfdspi_api.o(.text)
    DRV_CANFDSPI_TransmitChannelFlush        0x0800c5e3   Thumb Code    48  drv_canfdspi_api.o(.text)
    DRV_CANFDSPI_TransmitChannelStatusGet    0x0800c613   Thumb Code    88  drv_canfdspi_api.o(.text)
    DRV_CANFDSPI_ReceiveChannelReset         0x0800c66b   Thumb Code    56  drv_canfdspi_api.o(.text)
    DRV_CANFDSPI_TransmitChannelReset        0x0800c6a3   Thumb Code    16  drv_canfdspi_api.o(.text)
    DRV_CANFDSPI_TransmitRequestSet          0x0800c6b3   Thumb Code    30  drv_canfdspi_api.o(.text)
    DRV_CANFDSPI_TransmitRequestGet          0x0800c6d1   Thumb Code    24  drv_canfdspi_api.o(.text)
    DRV_CANFDSPI_TransmitChannelAbort        0x0800c6e9   Thumb Code    46  drv_canfdspi_api.o(.text)
    DRV_CANFDSPI_TransmitAbortAll            0x0800c717   Thumb Code    66  drv_canfdspi_api.o(.text)
    DRV_CANFDSPI_TransmitBandWidthSharingSet 0x0800c759   Thumb Code    80  drv_canfdspi_api.o(.text)
    DRV_CANFDSPI_FilterObjectConfigure       0x0800c7a9   Thumb Code    48  drv_canfdspi_api.o(.text)
    DRV_CANFDSPI_FilterMaskConfigure         0x0800c7d9   Thumb Code    48  drv_canfdspi_api.o(.text)
    DRV_CANFDSPI_FilterToFifoLink            0x0800c809   Thumb Code    70  drv_canfdspi_api.o(.text)
    DRV_CANFDSPI_FilterEnable                0x0800c84f   Thumb Code    68  drv_canfdspi_api.o(.text)
    DRV_CANFDSPI_FilterDisable               0x0800c893   Thumb Code    66  drv_canfdspi_api.o(.text)
    DRV_CANFDSPI_DeviceNetFilterCountSet     0x0800c8d5   Thumb Code    76  drv_canfdspi_api.o(.text)
    DRV_CANFDSPI_ReceiveChannelConfigure     0x0800c921   Thumb Code    98  drv_canfdspi_api.o(.text)
    DRV_CANFDSPI_ReceiveChannelConfigureObjectReset 0x0800c983   Thumb Code    50  drv_canfdspi_api.o(.text)
    DRV_CANFDSPI_ReceiveChannelStatusGet     0x0800c9b5   Thumb Code    62  drv_canfdspi_api.o(.text)
    DRV_CANFDSPI_ReceiveChannelUpdate        0x0800c9f3   Thumb Code    56  drv_canfdspi_api.o(.text)
    DRV_CANFDSPI_ReceiveMessageGet           0x0800ca2b   Thumb Code   364  drv_canfdspi_api.o(.text)
    DRV_CANFDSPI_TefStatusGet                0x0800cb97   Thumb Code    50  drv_canfdspi_api.o(.text)
    DRV_CANFDSPI_TefUpdate                   0x0800cbc9   Thumb Code    44  drv_canfdspi_api.o(.text)
    DRV_CANFDSPI_TefMessageGet               0x0800cbf5   Thumb Code   242  drv_canfdspi_api.o(.text)
    DRV_CANFDSPI_TefReset                    0x0800cce7   Thumb Code    44  drv_canfdspi_api.o(.text)
    DRV_CANFDSPI_TefConfigure                0x0800cd13   Thumb Code    64  drv_canfdspi_api.o(.text)
    DRV_CANFDSPI_TefConfigureObjectReset     0x0800cd53   Thumb Code    38  drv_canfdspi_api.o(.text)
    DRV_CANFDSPI_ModuleEventGet              0x0800cd79   Thumb Code    50  drv_canfdspi_api.o(.text)
    DRV_CANFDSPI_ModuleEventEnable           0x0800cdab   Thumb Code    80  drv_canfdspi_api.o(.text)
    DRV_CANFDSPI_ModuleEventDisable          0x0800cdfb   Thumb Code    80  drv_canfdspi_api.o(.text)
    DRV_CANFDSPI_ModuleEventClear            0x0800ce4b   Thumb Code    62  drv_canfdspi_api.o(.text)
    DRV_CANFDSPI_ModuleEventRxCodeGet        0x0800ce89   Thumb Code    68  drv_canfdspi_api.o(.text)
    DRV_CANFDSPI_ModuleEventTxCodeGet        0x0800cecd   Thumb Code    68  drv_canfdspi_api.o(.text)
    DRV_CANFDSPI_ModuleEventFilterHitGet     0x0800cf11   Thumb Code    46  drv_canfdspi_api.o(.text)
    DRV_CANFDSPI_ModuleEventIcodeGet         0x0800cf3f   Thumb Code    76  drv_canfdspi_api.o(.text)
    DRV_CANFDSPI_TransmitChannelEventGet     0x0800cf8b   Thumb Code    64  drv_canfdspi_api.o(.text)
    DRV_CANFDSPI_TransmitEventGet            0x0800cfcb   Thumb Code    24  drv_canfdspi_api.o(.text)
    DRV_CANFDSPI_TransmitEventAttemptGet     0x0800cfe3   Thumb Code    24  drv_canfdspi_api.o(.text)
    DRV_CANFDSPI_TransmitChannelIndexGet     0x0800cffb   Thumb Code    62  drv_canfdspi_api.o(.text)
    DRV_CANFDSPI_TransmitChannelEventEnable  0x0800d039   Thumb Code    90  drv_canfdspi_api.o(.text)
    DRV_CANFDSPI_TransmitChannelEventDisable 0x0800d093   Thumb Code    90  drv_canfdspi_api.o(.text)
    DRV_CANFDSPI_TransmitChannelEventAttemptClear 0x0800d0ed   Thumb Code    88  drv_canfdspi_api.o(.text)
    DRV_CANFDSPI_ReceiveChannelEventGet      0x0800d145   Thumb Code    72  drv_canfdspi_api.o(.text)
    DRV_CANFDSPI_ReceiveEventGet             0x0800d18d   Thumb Code    24  drv_canfdspi_api.o(.text)
    DRV_CANFDSPI_ReceiveEventOverflowGet     0x0800d1a5   Thumb Code    24  drv_canfdspi_api.o(.text)
    DRV_CANFDSPI_ReceiveChannelIndexGet      0x0800d1bd   Thumb Code    20  drv_canfdspi_api.o(.text)
    DRV_CANFDSPI_ReceiveChannelEventEnable   0x0800d1d1   Thumb Code    98  drv_canfdspi_api.o(.text)
    DRV_CANFDSPI_ReceiveChannelEventDisable  0x0800d233   Thumb Code    98  drv_canfdspi_api.o(.text)
    DRV_CANFDSPI_ReceiveChannelEventOverflowClear 0x0800d295   Thumb Code    90  drv_canfdspi_api.o(.text)
    DRV_CANFDSPI_TefEventGet                 0x0800d2ef   Thumb Code    50  drv_canfdspi_api.o(.text)
    DRV_CANFDSPI_TefEventEnable              0x0800d321   Thumb Code    76  drv_canfdspi_api.o(.text)
    DRV_CANFDSPI_TefEventDisable             0x0800d36d   Thumb Code    76  drv_canfdspi_api.o(.text)
    DRV_CANFDSPI_TefEventOverflowClear       0x0800d3b9   Thumb Code    72  drv_canfdspi_api.o(.text)
    DRV_CANFDSPI_ErrorCountTransmitGet       0x0800d401   Thumb Code    32  drv_canfdspi_api.o(.text)
    DRV_CANFDSPI_ErrorCountReceiveGet        0x0800d421   Thumb Code    32  drv_canfdspi_api.o(.text)
    DRV_CANFDSPI_ErrorStateGet               0x0800d441   Thumb Code    50  drv_canfdspi_api.o(.text)
    DRV_CANFDSPI_ErrorCountStateGet          0x0800d473   Thumb Code    72  drv_canfdspi_api.o(.text)
    DRV_CANFDSPI_BusDiagnosticsGet           0x0800d4bb   Thumb Code    72  drv_canfdspi_api.o(.text)
    DRV_CANFDSPI_BusDiagnosticsClear         0x0800d503   Thumb Code    34  drv_canfdspi_api.o(.text)
    DRV_CANFDSPI_EccEnable                   0x0800d525   Thumb Code    70  drv_canfdspi_api.o(.text)
    DRV_CANFDSPI_EccDisable                  0x0800d56b   Thumb Code    70  drv_canfdspi_api.o(.text)
    DRV_CANFDSPI_EccEventGet                 0x0800d5b1   Thumb Code    52  drv_canfdspi_api.o(.text)
    DRV_CANFDSPI_EccParitySet                0x0800d5e5   Thumb Code    26  drv_canfdspi_api.o(.text)
    DRV_CANFDSPI_EccParityGet                0x0800d5ff   Thumb Code    26  drv_canfdspi_api.o(.text)
    DRV_CANFDSPI_EccErrorAddressGet          0x0800d619   Thumb Code    42  drv_canfdspi_api.o(.text)
    DRV_CANFDSPI_EccEventEnable              0x0800d643   Thumb Code    76  drv_canfdspi_api.o(.text)
    DRV_CANFDSPI_EccEventDisable             0x0800d68f   Thumb Code    76  drv_canfdspi_api.o(.text)
    DRV_CANFDSPI_EccEventClear               0x0800d6db   Thumb Code    76  drv_canfdspi_api.o(.text)
    DRV_CANFDSPI_CrcEventEnable              0x0800d727   Thumb Code    72  drv_canfdspi_api.o(.text)
    DRV_CANFDSPI_CrcEventDisable             0x0800d76f   Thumb Code    72  drv_canfdspi_api.o(.text)
    DRV_CANFDSPI_CrcEventClear               0x0800d7b7   Thumb Code    72  drv_canfdspi_api.o(.text)
    DRV_CANFDSPI_CrcEventGet                 0x0800d7ff   Thumb Code    48  drv_canfdspi_api.o(.text)
    DRV_CANFDSPI_CrcValueGet                 0x0800d82f   Thumb Code    26  drv_canfdspi_api.o(.text)
    DRV_CANFDSPI_RamInit                     0x0800d849   Thumb Code    76  drv_canfdspi_api.o(.text)
    DRV_CANFDSPI_TimeStampEnable             0x0800d895   Thumb Code    66  drv_canfdspi_api.o(.text)
    DRV_CANFDSPI_TimeStampDisable            0x0800d8d7   Thumb Code    66  drv_canfdspi_api.o(.text)
    DRV_CANFDSPI_TimeStampGet                0x0800d919   Thumb Code    24  drv_canfdspi_api.o(.text)
    DRV_CANFDSPI_TimeStampSet                0x0800d931   Thumb Code    24  drv_canfdspi_api.o(.text)
    DRV_CANFDSPI_TimeStampModeConfigure      0x0800d949   Thumb Code    80  drv_canfdspi_api.o(.text)
    DRV_CANFDSPI_TimeStampPrescalerSet       0x0800d999   Thumb Code    24  drv_canfdspi_api.o(.text)
    DRV_CANFDSPI_OscillatorEnable            0x0800d9b1   Thumb Code    70  drv_canfdspi_api.o(.text)
    DRV_CANFDSPI_OscillatorControlSet        0x0800d9f7   Thumb Code    78  drv_canfdspi_api.o(.text)
    DRV_CANFDSPI_OscillatorControlObjectReset 0x0800da45   Thumb Code    60  drv_canfdspi_api.o(.text)
    DRV_CANFDSPI_OscillatorStatusGet         0x0800da81   Thumb Code    80  drv_canfdspi_api.o(.text)
    DRV_CANFDSPI_BitTimeConfigureData10MHz   0x0800dad1   Thumb Code   540  drv_canfdspi_api.o(.text)
    DRV_CANFDSPI_BitTimeConfigureNominal10MHz 0x0800dced   Thumb Code   276  drv_canfdspi_api.o(.text)
    DRV_CANFDSPI_BitTimeConfigureData20MHz   0x0800de01   Thumb Code   798  drv_canfdspi_api.o(.text)
    DRV_CANFDSPI_BitTimeConfigureNominal20MHz 0x0800e11f   Thumb Code   276  drv_canfdspi_api.o(.text)
    DRV_CANFDSPI_BitTimeConfigureData40MHz   0x0800e233   Thumb Code  1116  drv_canfdspi_api.o(.text)
    DRV_CANFDSPI_BitTimeConfigureNominal40MHz 0x0800e68f   Thumb Code   270  drv_canfdspi_api.o(.text)
    DRV_CANFDSPI_BitTimeConfigure            0x0800e79d   Thumb Code   130  drv_canfdspi_api.o(.text)
    DRV_CANFDSPI_GpioModeConfigure           0x0800e81f   Thumb Code    88  drv_canfdspi_api.o(.text)
    DRV_CANFDSPI_GpioDirectionConfigure      0x0800e877   Thumb Code    86  drv_canfdspi_api.o(.text)
    DRV_CANFDSPI_GpioStandbyControlEnable    0x0800e8cd   Thumb Code    72  drv_canfdspi_api.o(.text)
    DRV_CANFDSPI_GpioStandbyControlDisable   0x0800e915   Thumb Code    70  drv_canfdspi_api.o(.text)
    DRV_CANFDSPI_GpioInterruptPinsOpenDrainConfigure 0x0800e95b   Thumb Code    74  drv_canfdspi_api.o(.text)
    DRV_CANFDSPI_GpioTransmitPinOpenDrainConfigure 0x0800e9a5   Thumb Code    74  drv_canfdspi_api.o(.text)
    DRV_CANFDSPI_GpioPinSet                  0x0800e9ef   Thumb Code   108  drv_canfdspi_api.o(.text)
    DRV_CANFDSPI_GpioPinRead                 0x0800ea5b   Thumb Code    90  drv_canfdspi_api.o(.text)
    DRV_CANFDSPI_GpioClockOutputConfigure    0x0800eab5   Thumb Code    74  drv_canfdspi_api.o(.text)
    DRV_CANFDSPI_FifoIndexGet                0x0800eaff   Thumb Code    68  drv_canfdspi_api.o(.text)
    DRV_CANFDSPI_DataBytesToDlc              0x0800eb43   Thumb Code    76  drv_canfdspi_api.o(.text)
    DRV_SPI_Initialize                       0x0800eb8f   Thumb Code     8  drv_spi.o(.text)
    DRV_SPI_TransferData                     0x0800eb97   Thumb Code    26  drv_spi.o(.text)
    __aeabi_uldivmod                         0x0800ebb1   Thumb Code    98  uldiv.o(.text)
    __aeabi_ldivmod                          0x0800ec13   Thumb Code    98  ldiv.o(.text)
    __aeabi_llsl                             0x0800ec75   Thumb Code    30  llshl.o(.text)
    _ll_shift_l                              0x0800ec75   Thumb Code     0  llshl.o(.text)
    rand                                     0x0800ec95   Thumb Code    20  rand.o(.text)
    srand                                    0x0800eca9   Thumb Code     6  rand.o(.text)
    __aeabi_memcpy                           0x0800ecb9   Thumb Code    36  memcpya.o(.text)
    __aeabi_memcpy4                          0x0800ecb9   Thumb Code     0  memcpya.o(.text)
    __aeabi_memcpy8                          0x0800ecb9   Thumb Code     0  memcpya.o(.text)
    __aeabi_memset                           0x0800ecdd   Thumb Code    14  memseta.o(.text)
    __aeabi_memset4                          0x0800ecdd   Thumb Code     0  memseta.o(.text)
    __aeabi_memset8                          0x0800ecdd   Thumb Code     0  memseta.o(.text)
    __aeabi_memclr                           0x0800eceb   Thumb Code     4  memseta.o(.text)
    __aeabi_memclr4                          0x0800eceb   Thumb Code     0  memseta.o(.text)
    __aeabi_memclr8                          0x0800eceb   Thumb Code     0  memseta.o(.text)
    _memset$wrapper                          0x0800ecef   Thumb Code    18  memseta.o(.text)
    strlen                                   0x0800ed01   Thumb Code    14  strlen.o(.text)
    memcmp                                   0x0800ed0f   Thumb Code    26  memcmp.o(.text)
    __aeabi_llsr                             0x0800ed29   Thumb Code    32  llushr.o(.text)
    _ll_ushift_r                             0x0800ed29   Thumb Code     0  llushr.o(.text)
    __scatterload                            0x0800ed49   Thumb Code    28  init.o(.text)
    __scatterload_rt2                        0x0800ed49   Thumb Code     0  init.o(.text)
    __decompress                             0x0800ed6d   Thumb Code     0  __dczerorl2.o(.text)
    __decompress1                            0x0800ed6d   Thumb Code    86  __dczerorl2.o(.text)
    SVC_Count                                0x0800edc4   Data           4  svc_table.o(SVC_TABLE)
    SVC_Table                                0x0800edc8   Data           0  svc_table.o(SVC_TABLE)
    __0printf$8                              0x0800edc9   Thumb Code    22  printf8.o(i.__0printf$8)
    __1printf$8                              0x0800edc9   Thumb Code     0  printf8.o(i.__0printf$8)
    __2printf                                0x0800edc9   Thumb Code     0  printf8.o(i.__0printf$8)
    __scatterload_copy                       0x0800ede9   Thumb Code    14  handlers.o(i.__scatterload_copy)
    __scatterload_null                       0x0800edf7   Thumb Code     2  handlers.o(i.__scatterload_null)
    __scatterload_zeroinit                   0x0800edf9   Thumb Code    14  handlers.o(i.__scatterload_zeroinit)
    spi_master_init                          0x0800f26d   Thumb Code   224  drv_spi.o(i.spi_master_init)
    spi_master_transfer                      0x0800f359   Thumb Code    88  drv_spi.o(i.spi_master_transfer)
    os_maxtaskrun                            0x0800f3b8   Data           2  rtx_conf_cm.o(.constdata)
    os_stackinfo                             0x0800f3bc   Data           4  rtx_conf_cm.o(.constdata)
    os_rrobin                                0x0800f3c0   Data           4  rtx_conf_cm.o(.constdata)
    os_tickfreq                              0x0800f3c4   Data           4  rtx_conf_cm.o(.constdata)
    os_tickus_i                              0x0800f3c8   Data           2  rtx_conf_cm.o(.constdata)
    os_tickus_f                              0x0800f3ca   Data           2  rtx_conf_cm.o(.constdata)
    os_trv                                   0x0800f3cc   Data           4  rtx_conf_cm.o(.constdata)
    os_flags                                 0x0800f3d0   Data           1  rtx_conf_cm.o(.constdata)
    CMSIS_RTOS_API_Version                   0x0800f3d4   Data           4  rtx_conf_cm.o(.constdata)
    CMSIS_RTOS_RTX_Version                   0x0800f3d8   Data           4  rtx_conf_cm.o(.constdata)
    os_clockrate                             0x0800f3dc   Data           4  rtx_conf_cm.o(.constdata)
    os_timernum                              0x0800f3e0   Data           4  rtx_conf_cm.o(.constdata)
    mp_tcb_size                              0x0800f3e4   Data           2  rtx_conf_cm.o(.constdata)
    mp_stk_size                              0x0800f3e8   Data           4  rtx_conf_cm.o(.constdata)
    os_stack_sz                              0x0800f3ec   Data           4  rtx_conf_cm.o(.constdata)
    os_fifo_size                             0x0800f3f0   Data           1  rtx_conf_cm.o(.constdata)
    os_thread_def_osTimerThread              0x0800f3f4   Data          16  rtx_conf_cm.o(.constdata)
    os_messageQ_def_osTimerMessageQ          0x0800f404   Data           8  rtx_conf_cm.o(.constdata)
    mp_tmr_size                              0x0800f40c   Data           2  rtx_conf_cm.o(.constdata)
    GPIO_PIN                                 0x0800f410   Data           8  stm32f4_discovery.o(.constdata)
    GPIO_CLK                                 0x0800f418   Data          16  stm32f4_discovery.o(.constdata)
    BUTTON_PIN                               0x0800f428   Data           2  stm32f4_discovery.o(.constdata)
    BUTTON_CLK                               0x0800f42c   Data           4  stm32f4_discovery.o(.constdata)
    BUTTON_EXTI_LINE                         0x0800f430   Data           2  stm32f4_discovery.o(.constdata)
    BUTTON_PORT_SOURCE                       0x0800f432   Data           1  stm32f4_discovery.o(.constdata)
    BUTTON_PIN_SOURCE                        0x0800f433   Data           1  stm32f4_discovery.o(.constdata)
    BUTTON_IRQn                              0x0800f434   Data           1  stm32f4_discovery.o(.constdata)
    COM_USART_CLK                            0x0800f438   Data           8  stm32f4_discovery.o(.constdata)
    COM_TX_PORT_CLK                          0x0800f440   Data           8  stm32f4_discovery.o(.constdata)
    COM_RX_PORT_CLK                          0x0800f448   Data           8  stm32f4_discovery.o(.constdata)
    COM_TX_PIN                               0x0800f450   Data           4  stm32f4_discovery.o(.constdata)
    COM_RX_PIN                               0x0800f454   Data           4  stm32f4_discovery.o(.constdata)
    COM_TX_PIN_SOURCE                        0x0800f458   Data           4  stm32f4_discovery.o(.constdata)
    COM_RX_PIN_SOURCE                        0x0800f45c   Data           4  stm32f4_discovery.o(.constdata)
    COM_TX_AF                                0x0800f460   Data           4  stm32f4_discovery.o(.constdata)
    COM_RX_AF                                0x0800f464   Data           4  stm32f4_discovery.o(.constdata)
    os_mutex_def_lwip_sys_mutex              0x0800f49c   Data           4  sys_arch.o(.constdata)
    BitReverseTable256                       0x0800f518   Data         256  drv_canfdspi_api.o(.constdata)
    crc16_table                              0x0800f618   Data         512  drv_canfdspi_api.o(.constdata)
    Region$$Table$$Base                      0x0800f818   Number         0  anon$$obj.o(Region$$Table)
    Region$$Table$$Limit                     0x0800f838   Number         0  anon$$obj.o(Region$$Table)
    OffsetSecond                             0x20000000   Data           4  main.o(.data)
    OffsetNanosecond                         0x20000004   Data           4  main.o(.data)
    EthInitStatus                            0x20000008   Data           4  stm32f4x7_eth_bsp.o(.data)
    SystemCoreClock                          0x2000000c   Data           4  system_stm32f4xx.o(.data)
    AHBPrescTable                            0x20000010   Data          16  system_stm32f4xx.o(.data)
    Tim4Period                               0x20000020   Data           4  lab612_tim.o(.data)
    Tim2Period                               0x20000024   Data           4  lab612_tim.o(.data)
    Tim2Prescaler                            0x20000028   Data           4  lab612_tim.o(.data)
    TIM2WaveCNT                              0x2000002c   Data           2  lab612_tim_it.o(.data)
    InTheState                               0x20000030   Data           4  lab612_tim_it.o(.data)
    ADPLL_Lock                               0x20000034   Data           4  lab612_tim_it.o(.data)
    LockTime                                 0x20000038   Data           4  lab612_tim_it.o(.data)
    V1                                       0x2000003c   Data           4  lab612_tim_it.o(.data)
    SmpCnt1                                  0x20000040   Data           2  lab612_tim_it.o(.data)
    DualState                                0x20000044   Data           4  lab612_tim_it.o(.data)
    ADCDualConvertedValue                    0x20000048   Data           4  lab612_adc.o(.data)
    osThreadId_osTimerThread                 0x2000004c   Data           4  rtx_conf_cm.o(.data)
    osMessageQId_osTimerMessageQ             0x20000050   Data           4  rtx_conf_cm.o(.data)
    os_tmr                                   0x20000054   Data           4  rtx_conf_cm.o(.data)
    m_tmr                                    0x20000058   Data           4  rtx_conf_cm.o(.data)
    os_thread_def_main                       0x2000005c   Data          16  rtx_conf_cm.o(.data)
    os_initialized                           0x2000006c   Data           1  rt_cmsis.o(.data)
    os_running                               0x2000006d   Data           1  rt_cmsis.o(.data)
    os_timer_head                            0x20000070   Data           4  rt_cmsis.o(.data)
    os_robin                                 0x20000074   Data           8  rt_robin.o(.data)
    os_tick_irqn                             0x2000007c   Data           4  rt_system.o(.data)
    os_tsk                                   0x20000084   Data           8  rt_task.o(.data)
    os_time                                  0x2000008c   Data           4  rt_time.o(.data)
    GPIO_PORT                                0x20000090   Data          16  stm32f4_discovery.o(.data)
    BUTTON_PORT                              0x200000a0   Data           4  stm32f4_discovery.o(.data)
    COM_USART                                0x200000a4   Data           8  stm32f4_discovery.o(.data)
    COM_TX_PORT                              0x200000ac   Data           8  stm32f4_discovery.o(.data)
    COM_RX_PORT                              0x200000b4   Data           8  stm32f4_discovery.o(.data)
    NVIC_InitStructure                       0x200000bc   Data           4  stm32f4_discovery.o(.data)
    DMATxDescToSet                           0x200000d0   Data           4  stm32f4x7_eth.o(.data)
    DMARxDescToGet                           0x200000d4   Data           4  stm32f4x7_eth.o(.data)
    DMA_RX_FRAME_infos                       0x200000d8   Data           4  stm32f4x7_eth.o(.data)
    Frame_Rx_index                           0x200000dc   Data           4  stm32f4x7_eth.o(.data)
    lwip_sys_mutex                           0x200000f0   Data           4  sys_arch.o(.data)
    UTCoffset                                0x200000f8   Data           2  protocol.o(.data)
    netMACif_default                         0x200000fc   Data           4  net.o(.data)
    appData                                  0x20000108   Data           1  app.o(.data)
    config                                   0x2000010c   Data           4  app.o(.data)
    opMode                                   0x20000110   Data           1  app.o(.data)
    txConfig                                 0x20000114   Data           4  app.o(.data)
    txFlags                                  0x20000118   Data           1  app.o(.data)
    rxConfig                                 0x2000011c   Data           4  app.o(.data)
    fObj                                     0x20000120   Data           4  app.o(.data)
    mObj                                     0x20000124   Data           4  app.o(.data)
    rxFlags                                  0x20000128   Data           1  app.o(.data)
    delayCount                               0x2000012c   Data           4  app.o(.data)
    reg                                      0x20000130   Data           4  app.o(.data)
    lastSwitchState                          0x20000134   Data           1  app.o(.data)
    payload                                  0x20000135   Data           6  app.o(.data)
    ledCount                                 0x2000013b   Data           1  app.o(.data)
    ledState                                 0x2000013c   Data           1  app.o(.data)
    i                                        0x2000013d   Data           1  app.o(.data)
    tec                                      0x2000013e   Data           1  app.o(.data)
    rec                                      0x2000013f   Data           1  app.o(.data)
    errorFlags                               0x20000140   Data           1  app.o(.data)
    __stdout                                 0x20000148   Data           4  stdout.o(.data)
    MACFrame_Array                           0x2000014c   Data         372  main.o(.bss)
    mp_tcb                                   0x200002c0   Data         376  rtx_conf_cm.o(.bss)
    mp_stk                                   0x20000438   Data        3088  rtx_conf_cm.o(.bss)
    os_stack_mem                             0x20001048   Data        9248  rtx_conf_cm.o(.bss)
    os_fifo                                  0x20003468   Data         132  rtx_conf_cm.o(.bss)
    os_active_TCB                            0x200034ec   Data          28  rtx_conf_cm.o(.bss)
    os_messageQ_q_osTimerMessageQ            0x20003508   Data          48  rtx_conf_cm.o(.bss)
    os_rdy                                   0x20003538   Data          24  rt_list.o(.bss)
    os_dly                                   0x20003550   Data          24  rt_list.o(.bss)
    os_idle_TCB                              0x20003568   Data          52  rt_task.o(.bss)
    DMARxDscrTab                             0x2000359c   Data         160  stm32f4x7_eth.o(.bss)
    DMATxDscrTab                             0x2000363c   Data         160  stm32f4x7_eth.o(.bss)
    Rx_Buff                                  0x200036dc   Data        7620  stm32f4x7_eth.o(.bss)
    Tx_Buff                                  0x200054a0   Data        7620  stm32f4x7_eth.o(.bss)
    RX_Frame_Descriptor                      0x20007264   Data          12  stm32f4x7_eth.o(.bss)
    MAC_frame_mutex                          0x20007270   Data          24  netconf.o(.bss)
    xnetMACif                                0x20007288   Data          16  netconf.o(.bss)
    s_xRxSemaphore                           0x20007298   Data          16  ethernetif.o(.bss)
    s_xTxSemaphore                           0x200072a8   Data          16  ethernetif.o(.bss)
    ram_heap                                 0x2000eed0   Data        4116  mem.o(.bss)
    os_mutex_cb_lwip_sys_mutex               0x2000fefc   Data          16  sys_arch.o(.bss)
    rtOpts                                   0x2000ffe4   Data          64  ptpd.o(.bss)
    ptpClock                                 0x20010028   Data        1128  ptpd.o(.bss)
    ptpForeignRecords                        0x20010490   Data         440  ptpd.o(.bss)
    txObj                                    0x20010708   Data          12  app.o(.bss)
    txd                                      0x20010714   Data          64  app.o(.bss)
    rxObj                                    0x20010754   Data          12  app.o(.bss)
    rxd                                      0x20010760   Data          64  app.o(.bss)
    busDiagnostics                           0x200107a0   Data          12  app.o(.bss)
    spiTransmitBuffer                        0x200107ac   Data          96  drv_canfdspi_api.o(.bss)
    spiReceiveBuffer                         0x2001080c   Data          96  drv_canfdspi_api.o(.bss)
    __initial_sp                             0x20010c70   Data           0  startup_stm32f4xx.o(STACK)



==============================================================================

Memory Map of the image

  Image Entry point : 0x08000189

  Load Region LR_IROM1 (Base: 0x08000000, Size: 0x0000f984, Max: 0x00100000, ABSOLUTE, COMPRESSED[0x0000f874])

    Execution Region ER_IROM1 (Exec base: 0x08000000, Load base: 0x08000000, Size: 0x0000f838, Max: 0x00100000, ABSOLUTE)

    Exec Addr    Load Addr    Size         Type   Attr      Idx    E Section Name        Object

    0x08000000   0x08000000   0x00000188   Data   RO           92    RESET               startup_stm32f4xx.o
    0x08000188   0x08000188   0x00000000   Code   RO          382  * .ARM.Collect$$$$00000000  mc_w.l(entry.o)
    0x08000188   0x08000188   0x00000004   Code   RO          534    .ARM.Collect$$$$00000001  mc_w.l(entry2.o)
    0x0800018c   0x0800018c   0x00000004   Code   RO          537    .ARM.Collect$$$$00000004  mc_w.l(entry5.o)
    0x08000190   0x08000190   0x00000000   Code   RO          539    .ARM.Collect$$$$00000008  mc_w.l(entry7b.o)
    0x08000190   0x08000190   0x00000000   Code   RO          541    .ARM.Collect$$$$0000000A  mc_w.l(entry8b.o)
    0x08000190   0x08000190   0x00000000   Code   RO          542    .ARM.Collect$$$$0000000D  mc_w.l(entry10a.o)
    0x08000190   0x08000190   0x00000000   Code   RO          544    .ARM.Collect$$$$0000000F  mc_w.l(entry11a.o)
    0x08000190   0x08000190   0x00000018   Code   RO           24    .ARM.Collect$$$$000000FF  rtx_conf_cm.o
    0x080001a8   0x080001a8   0x00000004   Code   RO          535    .ARM.Collect$$$$00002712  mc_w.l(entry2.o)
    0x080001ac   0x080001ac   0x00000180   Code   RO           51    .emb_text           hal_cm4.o
    0x0800032c   0x0800032c   0x000000fc   Code   RO            2    .text               main.o
    0x08000428   0x08000428   0x000002a4   Code   RO            7    .text               stm32f4x7_eth_bsp.o
    0x080006cc   0x080006cc   0x0000004c   Code   RO           10    .text               stm32f4xx_it.o
    0x08000718   0x08000718   0x00000210   Code   RO           12    .text               system_stm32f4xx.o
    0x08000928   0x08000928   0x0000012c   Code   RO           15    .text               lab612_tim.o
    0x08000a54   0x08000a54   0x000001a0   Code   RO           18    .text               lab612_tim_it.o
    0x08000bf4   0x08000bf4   0x000001a8   Code   RO           22    .text               lab612_adc.o
    0x08000d9c   0x08000d9c   0x0000001e   Code   RO           25    .text               rtx_conf_cm.o
    0x08000dba   0x08000dba   0x00000002   PAD
    0x08000dbc   0x08000dbc   0x000012fc   Code   RO           30    .text               rt_cmsis.o
    0x080020b8   0x080020b8   0x0000017c   Code   RO           32    .text               rt_event.o
    0x08002234   0x08002234   0x00000294   Code   RO           33    .text               rt_list.o
    0x080024c8   0x080024c8   0x00000350   Code   RO           35    .text               rt_mailbox.o
    0x08002818   0x08002818   0x000000c2   Code   RO           36    .text               rt_membox.o
    0x080028da   0x080028da   0x000000b0   Code   RO           37    .text               rt_memory.o
    0x0800298a   0x0800298a   0x00000002   PAD
    0x0800298c   0x0800298c   0x00000280   Code   RO           38    .text               rt_mutex.o
    0x08002c0c   0x08002c0c   0x0000006c   Code   RO           39    .text               rt_robin.o
    0x08002c78   0x08002c78   0x00000144   Code   RO           41    .text               rt_semaphore.o
    0x08002dbc   0x08002dbc   0x0000031c   Code   RO           43    .text               rt_system.o
    0x080030d8   0x080030d8   0x000004d0   Code   RO           45    .text               rt_task.o
    0x080035a8   0x080035a8   0x00000064   Code   RO           48    .text               rt_time.o
    0x0800360c   0x0800360c   0x00000094   Code   RO           52    .text               hal_cm.o
    0x080036a0   0x080036a0   0x00000490   Code   RO           54    .text               stm32f4_discovery.o
    0x08003b30   0x08003b30   0x0000041a   Code   RO           62    .text               stm32f4xx_usart.o
    0x08003f4a   0x08003f4a   0x00000002   PAD
    0x08003f4c   0x08003f4c   0x000000e0   Code   RO           64    .text               misc.o
    0x0800402c   0x0800402c   0x00000464   Code   RO           66    .text               stm32f4xx_adc.o
    0x08004490   0x08004490   0x000003a8   Code   RO           68    .text               stm32f4xx_dma.o
    0x08004838   0x08004838   0x0000011c   Code   RO           70    .text               stm32f4xx_exti.o
    0x08004954   0x08004954   0x0000025c   Code   RO           74    .text               stm32f4xx_gpio.o
    0x08004bb0   0x08004bb0   0x00000588   Code   RO           76    .text               stm32f4xx_rcc.o
    0x08005138   0x08005138   0x000001dc   Code   RO           79    .text               stm32f4xx_sdio.o
    0x08005314   0x08005314   0x0000008c   Code   RO           81    .text               stm32f4xx_syscfg.o
    0x080053a0   0x080053a0   0x00000ca2   Code   RO           83    .text               stm32f4xx_tim.o
    0x08006042   0x08006042   0x00000002   PAD
    0x08006044   0x08006044   0x000003f8   Code   RO           85    .text               stm32f4xx_spi.o
    0x0800643c   0x0800643c   0x00001094   Code   RO           87    .text               stm32f4x7_eth.o
    0x080074d0   0x080074d0   0x00000024   Code   RO           93    .text               startup_stm32f4xx.o
    0x080074f4   0x080074f4   0x0000004c   Code   RO           95    .text               netconf.o
    0x08007540   0x08007540   0x00000754   Code   RO           98    .text               ethernetif.o
    0x08007c94   0x08007c94   0x000006f4   Code   RO          101    .text               pbuf.o
    0x08008388   0x08008388   0x000000ac   Code   RO          102    .text               memp.o
    0x08008434   0x08008434   0x0000036c   Code   RO          107    .text               mem.o
    0x080087a0   0x080087a0   0x000004fc   Code   RO          111    .text               sys_arch.o
    0x08008c9c   0x08008c9c   0x0000012c   Code   RO          117    .text               ptpd.o
    0x08008dc8   0x08008dc8   0x000010ac   Code   RO          121    .text               protocol.o
    0x08009e74   0x08009e74   0x00000370   Code   RO          124    .text               net.o
    0x0800a1e4   0x0800a1e4   0x00000048   Code   RO          127    .text               startup.o
    0x0800a22c   0x0800a22c   0x00000658   Code   RO          129    .text               bmc.o
    0x0800a884   0x0800a884   0x000001a4   Code   RO          131    .text               arith.o
    0x0800aa28   0x0800aa28   0x000000c8   Code   RO          133    .text               timer.o
    0x0800aaf0   0x0800aaf0   0x00000280   Code   RO          137    .text               sys_time.o
    0x0800ad70   0x0800ad70   0x0000045c   Code   RO          139    .text               servo.o
    0x0800b1cc   0x0800b1cc   0x000005f4   Code   RO          141    .text               msg.o
    0x0800b7c0   0x0800b7c0   0x0000003e   Code   RO          142    .text               def.o
    0x0800b7fe   0x0800b7fe   0x00000002   PAD
    0x0800b800   0x0800b800   0x000002f0   Code   RO          369    .text               app.o
    0x0800baf0   0x0800baf0   0x0000309e   Code   RO          374    .text               drv_canfdspi_api.o
    0x0800eb8e   0x0800eb8e   0x00000022   Code   RO          378    .text               drv_spi.o
    0x0800ebb0   0x0800ebb0   0x00000062   Code   RO          385    .text               mc_w.l(uldiv.o)
    0x0800ec12   0x0800ec12   0x00000062   Code   RO          386    .text               mc_w.l(ldiv.o)
    0x0800ec74   0x0800ec74   0x0000001e   Code   RO          387    .text               mc_w.l(llshl.o)
    0x0800ec92   0x0800ec92   0x00000002   PAD
    0x0800ec94   0x0800ec94   0x00000024   Code   RO          389    .text               mc_w.l(rand.o)
    0x0800ecb8   0x0800ecb8   0x00000024   Code   RO          391    .text               mc_w.l(memcpya.o)
    0x0800ecdc   0x0800ecdc   0x00000024   Code   RO          392    .text               mc_w.l(memseta.o)
    0x0800ed00   0x0800ed00   0x0000000e   Code   RO          393    .text               mc_w.l(strlen.o)
    0x0800ed0e   0x0800ed0e   0x0000001a   Code   RO          394    .text               mc_w.l(memcmp.o)
    0x0800ed28   0x0800ed28   0x00000020   Code   RO          548    .text               mc_w.l(llushr.o)
    0x0800ed48   0x0800ed48   0x00000024   Code   RO          553    .text               mc_w.l(init.o)
    0x0800ed6c   0x0800ed6c   0x00000056   Code   RO          559    .text               mc_w.l(__dczerorl2.o)
    0x0800edc2   0x0800edc2   0x00000002   PAD
    0x0800edc4   0x0800edc4   0x00000004   Code   RO           50    SVC_TABLE           svc_table.o
    0x0800edc8   0x0800edc8   0x00000020   Code   RO          500    i.__0printf$8       mc_w.l(printf8.o)
    0x0800ede8   0x0800ede8   0x0000000e   Code   RO          556    i.__scatterload_copy  mc_w.l(handlers.o)
    0x0800edf6   0x0800edf6   0x00000002   Code   RO          557    i.__scatterload_null  mc_w.l(handlers.o)
    0x0800edf8   0x0800edf8   0x0000000e   Code   RO          558    i.__scatterload_zeroinit  mc_w.l(handlers.o)
    0x0800ee06   0x0800ee06   0x00000002   PAD
    0x0800ee08   0x0800ee08   0x00000410   Code   RO          507    i._printf_core      mc_w.l(printf8.o)
    0x0800f218   0x0800f218   0x00000024   Code   RO          508    i._printf_post_padding  mc_w.l(printf8.o)
    0x0800f23c   0x0800f23c   0x0000002e   Code   RO          509    i._printf_pre_padding  mc_w.l(printf8.o)
    0x0800f26a   0x0800f26a   0x00000002   PAD
    0x0800f26c   0x0800f26c   0x000000ec   Code   RO          380    i.spi_master_init   drv_spi.o
    0x0800f358   0x0800f358   0x00000060   Code   RO          381    i.spi_master_transfer  drv_spi.o
    0x0800f3b8   0x0800f3b8   0x00000056   Data   RO           27    .constdata          rtx_conf_cm.o
    0x0800f40e   0x0800f40e   0x00000002   PAD
    0x0800f410   0x0800f410   0x00000058   Data   RO           55    .constdata          stm32f4_discovery.o
    0x0800f468   0x0800f468   0x00000034   Data   RO          104    .constdata          memp.o
    0x0800f49c   0x0800f49c   0x00000004   Data   RO          113    .constdata          sys_arch.o
    0x0800f4a0   0x0800f4a0   0x00000378   Data   RO          376    .constdata          drv_canfdspi_api.o
    0x0800f818   0x0800f818   0x00000020   Data   RO          554    Region$$Table       anon$$obj.o


    Execution Region RW_IRAM1 (Exec base: 0x20000000, Load base: 0x0800f838, Size: 0x00010c70, Max: 0x00020000, ABSOLUTE, COMPRESSED[0x0000003c])

    Exec Addr    Load Addr    Size         Type   Attr      Idx    E Section Name        Object

    0x20000000   COMPRESSED   0x00000008   Data   RW            5    .data               main.o
    0x20000008   COMPRESSED   0x00000004   Data   RW            8    .data               stm32f4x7_eth_bsp.o
    0x2000000c   COMPRESSED   0x00000014   Data   RW           13    .data               system_stm32f4xx.o
    0x20000020   COMPRESSED   0x0000000c   Data   RW           16    .data               lab612_tim.o
    0x2000002c   COMPRESSED   0x0000001c   Data   RW           20    .data               lab612_tim_it.o
    0x20000048   COMPRESSED   0x00000004   Data   RW           23    .data               lab612_adc.o
    0x2000004c   COMPRESSED   0x00000020   Data   RW           28    .data               rtx_conf_cm.o
    0x2000006c   COMPRESSED   0x00000008   Data   RW           31    .data               rt_cmsis.o
    0x20000074   COMPRESSED   0x00000008   Data   RW           40    .data               rt_robin.o
    0x2000007c   COMPRESSED   0x00000007   Data   RW           44    .data               rt_system.o
    0x20000083   COMPRESSED   0x00000001   PAD
    0x20000084   COMPRESSED   0x00000008   Data   RW           47    .data               rt_task.o
    0x2000008c   COMPRESSED   0x00000004   Data   RW           49    .data               rt_time.o
    0x20000090   COMPRESSED   0x00000030   Data   RW           56    .data               stm32f4_discovery.o
    0x200000c0   COMPRESSED   0x00000010   Data   RW           77    .data               stm32f4xx_rcc.o
    0x200000d0   COMPRESSED   0x00000010   Data   RW           89    .data               stm32f4x7_eth.o
    0x200000e0   COMPRESSED   0x00000004   Data   RW          100    .data               ethernetif.o
    0x200000e4   COMPRESSED   0x0000000c   Data   RW          109    .data               mem.o
    0x200000f0   COMPRESSED   0x00000008   Data   RW          114    .data               sys_arch.o
    0x200000f8   COMPRESSED   0x00000002   Data   RW          122    .data               protocol.o
    0x200000fa   COMPRESSED   0x00000002   PAD
    0x200000fc   COMPRESSED   0x00000004   Data   RW          125    .data               net.o
    0x20000100   COMPRESSED   0x00000006   Data   RW          135    .data               timer.o
    0x20000106   COMPRESSED   0x00000002   PAD
    0x20000108   COMPRESSED   0x00000039   Data   RW          372    .data               app.o
    0x20000141   COMPRESSED   0x00000003   PAD
    0x20000144   COMPRESSED   0x00000004   Data   RW          390    .data               mc_w.l(rand.o)
    0x20000148   COMPRESSED   0x00000004   Data   RW          546    .data               mc_w.l(stdout.o)
    0x2000014c        -       0x00000174   Zero   RW            3    .bss                main.o
    0x200002c0        -       0x00003278   Zero   RW           26    .bss                rtx_conf_cm.o
    0x20003538        -       0x00000030   Zero   RW           34    .bss                rt_list.o
    0x20003568        -       0x00000034   Zero   RW           46    .bss                rt_task.o
    0x2000359c        -       0x00003cd4   Zero   RW           88    .bss                stm32f4x7_eth.o
    0x20007270        -       0x00000028   Zero   RW           96    .bss                netconf.o
    0x20007298        -       0x00000020   Zero   RW           99    .bss                ethernetif.o
    0x200072b8        -       0x00007c17   Zero   RW          103    .bss                memp.o
    0x2000eecf   COMPRESSED   0x00000001   PAD
    0x2000eed0        -       0x0000102c   Zero   RW          108    .bss                mem.o
    0x2000fefc        -       0x00000088   Zero   RW          112    .bss                sys_arch.o
    0x2000ff84   COMPRESSED   0x00000004   PAD
    0x2000ff88        -       0x000006c0   Zero   RW          118    .bss                ptpd.o
    0x20010648        -       0x000000c0   Zero   RW          134    .bss                timer.o
    0x20010708        -       0x000000a4   Zero   RW          370    .bss                app.o
    0x200107ac        -       0x000000c0   Zero   RW          375    .bss                drv_canfdspi_api.o
    0x2001086c   COMPRESSED   0x00000004   PAD
    0x20010870        -       0x00000400   Zero   RW           90    STACK               startup_stm32f4xx.o


==============================================================================

Image component sizes


      Code (inc. data)   RO Data    RW Data    ZI Data      Debug   Object Name

       752         60          0         57        164          0   app.o
       420          8          0          0          0          0   arith.o
      1624          0          0          0          0          0   bmc.o
        62          0          0          0          0          0   def.o
     12446        190        888          0        192          0   drv_canfdspi_api.o
       366         20          0          0          0          0   drv_spi.o
      1876         88          0          4         32          0   ethernetif.o
       148          8          0          0          0          0   hal_cm.o
       384         28          0          0          0          0   hal_cm4.o
       424         32          0          4          0          0   lab612_adc.o
       300         10          0         12          0          0   lab612_tim.o
       416         56          0         28          0          0   lab612_tim_it.o
       252         36          0          8        372          0   main.o
       876         20          0         12       4140          0   mem.o
       172         18         52          0      31767          0   memp.o
       224         20          0          0          0          0   misc.o
      1524          0          0          0          0          0   msg.o
       880         22          0          4          0          0   net.o
        76         12          0          0         40          0   netconf.o
      1780          0          0          0          0          0   pbuf.o
      4268        148          0          2          0          0   protocol.o
       300        100          0          0       1728          0   ptpd.o
      4860        114          0          8          0          0   rt_cmsis.o
       380         14          0          0          0          0   rt_event.o
       660         22          0          0         48          0   rt_list.o
       848          8          0          0          0          0   rt_mailbox.o
       194          0          0          0          0          0   rt_membox.o
       176          0          0          0          0          0   rt_memory.o
       640          8          0          0          0          0   rt_mutex.o
       108         18          0          8          0          0   rt_robin.o
       324         10          0          0          0          0   rt_semaphore.o
       796         52          0          7          0          0   rt_system.o
      1232         78          0          8         52          0   rt_task.o
       100          8          0          4          0          0   rt_time.o
        54          6         86         32      12920          0   rtx_conf_cm.o
      1116         30          0          0          0          0   servo.o
        72          0          0          0          0          0   startup.o
        36          8        392          0       1024          0   startup_stm32f4xx.o
      1168        114         88         48          0          0   stm32f4_discovery.o
      4244        110          0         16      15572          0   stm32f4x7_eth.o
       676         30          0          4          0          0   stm32f4x7_eth_bsp.o
      1124         24          0          0          0          0   stm32f4xx_adc.o
       936         32          0          0          0          0   stm32f4xx_dma.o
       284         10          0          0          0          0   stm32f4xx_exti.o
       604         36          0          0          0          0   stm32f4xx_gpio.o
        76          6          0          0          0          0   stm32f4xx_it.o
      1416         48          0         16          0          0   stm32f4xx_rcc.o
       476         16          0          0          0          0   stm32f4xx_sdio.o
      1016         22          0          0          0          0   stm32f4xx_spi.o
       140         12          0          0          0          0   stm32f4xx_syscfg.o
      3234         60          0          0          0          0   stm32f4xx_tim.o
      1050         26          0          0          0          0   stm32f4xx_usart.o
         4          4          0          0          0          0   svc_table.o
      1276        466          4          8        136          0   sys_arch.o
       640        264          0          0          0          0   sys_time.o
       528         46          0         20          0          0   system_stm32f4xx.o
       200         40          0          6        192          0   timer.o

    ----------------------------------------------------------------------
     60268       2618       1544        324      68388          0   Object Totals
         0          0         32          0          0          0   (incl. Generated)
        10          0          2          8          9          0   (incl. Padding)

    ----------------------------------------------------------------------

      Code (inc. data)   RO Data    RW Data    ZI Data      Debug   Library Member Name

        86          0          0          0          0          0   __dczerorl2.o
         0          0          0          0          0          0   entry.o
         0          0          0          0          0          0   entry10a.o
         0          0          0          0          0          0   entry11a.o
         8          4          0          0          0          0   entry2.o
         4          0          0          0          0          0   entry5.o
         0          0          0          0          0          0   entry7b.o
         0          0          0          0          0          0   entry8b.o
        30          0          0          0          0          0   handlers.o
        36          8          0          0          0          0   init.o
        98          0          0          0          0          0   ldiv.o
        30          0          0          0          0          0   llshl.o
        32          0          0          0          0          0   llushr.o
        26          0          0          0          0          0   memcmp.o
        36          0          0          0          0          0   memcpya.o
        36          0          0          0          0          0   memseta.o
      1154         54          0          0          0          0   printf8.o
        36         10          0          4          0          0   rand.o
         0          0          0          4          0          0   stdout.o
        14          0          0          0          0          0   strlen.o
        98          0          0          0          0          0   uldiv.o

    ----------------------------------------------------------------------
      1732         76          0          8          0          0   Library Totals
         8          0          0          0          0          0   (incl. Padding)

    ----------------------------------------------------------------------

      Code (inc. data)   RO Data    RW Data    ZI Data      Debug   Library Name

      1724         76          0          8          0          0   mc_w.l

    ----------------------------------------------------------------------
      1732         76          0          8          0          0   Library Totals

    ----------------------------------------------------------------------

==============================================================================


      Code (inc. data)   RO Data    RW Data    ZI Data      Debug   

     62000       2694       1544        332      68388          0   Grand Totals
     62000       2694       1544         60      68388          0   ELF Image Totals (compressed)
     62000       2694       1544         60          0          0   ROM Totals

==============================================================================

    Total RO  Size (Code + RO Data)                63544 (  62.05kB)
    Total RW  Size (RW Data + ZI Data)             68720 (  67.11kB)
    Total ROM Size (Code + RO Data + RW Data)      63604 (  62.11kB)

==============================================================================

